Microchip MPLAB XC8 Compiler V2.31

Linker command line:

-W-3 --edf=C:\Program Files\Microchip\xc8\v2.31\pic\dat\en_msgs.txt -cn \
  -h+dist/default/production\ee4951_smartshoe.X.production.sym \
  --cmf=dist/default/production\ee4951_smartshoe.X.production.cmf -z \
  -Q16F1459 -oC:\Users\vespi\AppData\Local\Temp\s1pb4.2 \
  --defsym=__MPLAB_BUILD=1 \
  -Mdist/default/production/ee4951_smartshoe.X.production.map -E1 \
  -ver=XC8 Compiler --acfsm=1493 -ASTACK=02220h-0224Fh -pstack=STACK \
  -ACODE=00h-07FFhx4 -ASTRCODE=00h-01FFFh -ASTRING=00h-0FFhx32 \
  -ACONST=00h-0FFhx32 -AENTRY=00h-0FFhx32 -ACOMMON=070h-07Fh \
  -ABANK0=020h-06Fh -ABANK1=0A0h-0EFh -ABANK2=0120h-016Fh \
  -ABANK3=01A0h-01EFh -ABANK4=0220h-026Fh -ABANK5=02A0h-02EFh \
  -ABANK6=0320h-036Fh -ABANK7=03A0h-03EFh -ABANK8=0420h-046Fh \
  -ABANK9=04A0h-04EFh -ABANK10=0520h-056Fh -ABANK11=05A0h-05EFh \
  -ABANK12=0620h-064Fh -ABIGRAM=02000h-023EFh \
  -ARAM=020h-06Fh,0A0h-0EFh,0120h-016Fh,01A0h-01EFh,0220h-026Fh,02A0h-02EFh,0320h-036Fh,03A0h-03EFh,0420h-046Fh,04A0h-04EFh,0520h-056Fh,05A0h-05EFh,0620h-064Fh \
  -AABS1=020h-07Fh,0A0h-0EFh,0120h-016Fh,01A0h-01EFh,0220h-026Fh,02A0h-02EFh,0320h-036Fh,03A0h-03EFh,0420h-046Fh,04A0h-04EFh,0520h-056Fh,05A0h-05EFh,0620h-064Fh \
  -ASFR0=00h-01Fh -ASFR1=080h-09Fh -ASFR2=0100h-011Fh -ASFR3=0180h-019Fh \
  -ASFR4=0200h-021Fh -ASFR5=0280h-029Fh -ASFR6=0300h-031Fh \
  -ASFR7=0380h-039Fh -ASFR8=0400h-041Fh -ASFR9=0480h-049Fh \
  -ASFR10=0500h-051Fh -ASFR11=0580h-059Fh -ASFR12=0600h-061Fh \
  -ASFR13=0680h-06EFh -ASFR14=0700h-076Fh -ASFR15=0780h-07EFh \
  -ASFR16=0800h-086Fh -ASFR17=0880h-08EFh -ASFR18=0900h-096Fh \
  -ASFR19=0980h-09EFh -ASFR20=0A00h-0A6Fh -ASFR21=0A80h-0AEFh \
  -ASFR22=0B00h-0B6Fh -ASFR23=0B80h-0BEFh -ASFR24=0C00h-0C6Fh \
  -ASFR25=0C80h-0CEFh -ASFR26=0D00h-0D6Fh -ASFR27=0D80h-0DEFh \
  -ASFR28=0E00h-0E6Fh -ASFR29=0E80h-0EEFh -ASFR30=0F00h-0F6Fh \
  -ASFR31=0F80h-0FEFh -ACONFIG=08007h-08008h -DCONFIG=2 \
  -AIDLOC=08000h-08003h -DIDLOC=2 -DCODE=2 -DSTRCODE=2 -DSTRING=2 -DCONST=2 \
  -DENTRY=2 -preset_vec=00h,intentry=04h,init,end_init -ppowerup=CODE \
  -pcinit=CODE -pfunctab=ENTRY -k C:\Users\vespi\AppData\Local\Temp\s1pb4.o \
  dist/default/production\ee4951_smartshoe.X.production.o 

Object code version is 3.11

Machine type is 16F1459



                Name                               Link     Load   Length Selector   Space Scale
C:\Users\vespi\AppData\Local\Temp\s1pb4.o
                end_init                             32       32        2        8       0
                reset_vec                             0        0        2        0       0
                config                             8007     8007        2        0       4
dist/default/production\ee4951_smartshoe.X.production.o
                cinit                                34       34       57        8       0
                intentry                              4        4       2E        8       0
                config                             8007     8007        2        0       4
                text55                                2        2        1        0       0
                text54                             1673     1673        F     2CE6       0
                text53                             1614     1614        9     2C28       0
                text52                                3        3        1        6       0
                text51                              91C      91C       49     1238       0
                text50                              C0B      C0B       81     1816       0
                text49                              786      786       7A        8       0
                text48                              B92      B92       79     1724       0
                text47                              6D9      6D9       AD        8       0
                text46                              89F      89F       3A     113E       0
                text45                              8D9      8D9       43     11B2       0
                text44                             175D     175D       25     2EBA       0
                text43                              C8C      C8C       87     1918       0
                text42                              867      867       38     10CE       0
                text41                              B23      B23       6F     1646       0
                text40                              835      835       32     106A       0
                text39                              22B      22B      158        8       0
                text38                              D9B      D9B       8B     1B36       0
                text37                              ABC      ABC       67     1578       0
                text36                              49C      49C       CA        8       0
                text35                              E26      E26       8D     1C4C       0
                text34                              D13      D13       88     1A26       0
                text33                              A5C      A5C       60     14B8       0
                text32                              EB3      EB3       A3     1D66       0
                text31                              A06      A06       56     140C       0
                text30                              807      807       2E     100E       0
                text29                              9B2      9B2       54     1364       0
                text28                             16C1     16C1       1C     2D82       0
                text27                             17A8     17A8       2B     2F50       0
                text26                             16FB     16FB       20     2DF6       0
                text25                             173B     173B       22     2E76       0
                text24                              F56      F56       AA     1EAC       0
                text23                              383      383      119        8       0
                text21                             1641     1641        C     2C82       0
                text20                             161D     161D        9     2C3A       0
                text19                             1665     1665        E     2CCA       0
                text18                             1626     1626        9     2C4C       0
                text17                             1782     1782       26     2F04       0
                text16                             162F     162F        9     2C5E       0
                text15                             16A8     16A8       19     2D50       0
                text14                             16DD     16DD       1E     2DBA       0
                text13                              626      626       B3        8       0
                text12                             15F0     15F0        4     2BE0       0
                text11                             1692     1692       16     2D24       0
                text10                             1606     1606        7     2C0C       0
                text9                              160D     160D        7     2C1A       0
                text8                               800      800        7        8       0
                text7                              15F4     15F4        6     2BE8       0
                text6                              15FA     15FA        6     2BF4       0
                text5                              1600     1600        6     2C00       0
                text4                              1638     1638        9     2C70       0
                text3                               965      965       4D     12CA       0
                text2                              1682     1682       10     2D04       0
                text1                               566      566       C0        8       0
                maintext                           17D3     17D3       2D     2FA6       0
                cstackBANK0                          60       60       10       60       1
                cstackCOMMON                         70       70        E       70       1
                cstackBANK1                          B7       B7       14       A0       1
                cstackBANK4                         25D      25D        5      220       1
                clrtext                            164D     164D        C     2C9A       0
                inittext                           1659     1659        C     2CB2       0
                bssBANK6                            320      320       40      320       1
                bssBANK5                            2A0      2A0       40      2A0       1
                dataBANK4                           220      220       20      220       1
                bssBANK4                            240      240       1D      220       1
                bssBANK3                            1B0      1B0       3C      1B0       1
                bssBANK1                             A0       A0       17       A0       1
                nvBANK3                             1EC      1EC        2      1B0       1
                stringtext8                        1838     1838        4     3000       0
                stringtext7                        1830     1830        8     3000       0
                stringtext6                        1816     1816       12     3000       0
                stringtext5                        1800     1800       16     3000       0
                stringtext4                        1043     1043       34     2000       0
                stringtext3                        1000     1000       43     2000       0
                stringtext2                        183C     183C        2     3000       0
                stringtext1                        1828     1828        8     3000       0
                idataBANK4                         171B     171B       20     2E36       0
                idataBIGRAM                          8B       8B      1A0        8       0

TOTAL           Name                               Link     Load   Length     Space
        CLASS   STACK          

        CLASS   CODE           
                end_init                             32       32        2         0
                cinit                                34       34       57         0
                intentry                              4        4       2E         0
                reset_vec                             0        0        2         0
                text55                                2        2        1         0
                text54                             1673     1673        F         0
                text53                             1614     1614        9         0
                text52                                3        3        1         0
                text51                              91C      91C       49         0
                text50                              C0B      C0B       81         0
                text49                              786      786       7A         0
                text48                              B92      B92       79         0
                text47                              6D9      6D9       AD         0
                text46                              89F      89F       3A         0
                text45                              8D9      8D9       43         0
                text44                             175D     175D       25         0
                text43                              C8C      C8C       87         0
                text42                              867      867       38         0
                text41                              B23      B23       6F         0
                text40                              835      835       32         0
                text39                              22B      22B      158         0
                text38                              D9B      D9B       8B         0
                text37                              ABC      ABC       67         0
                text36                              49C      49C       CA         0
                text35                              E26      E26       8D         0
                text34                              D13      D13       88         0
                text33                              A5C      A5C       60         0
                text32                              EB3      EB3       A3         0
                text31                              A06      A06       56         0
                text30                              807      807       2E         0
                text29                              9B2      9B2       54         0
                text28                             16C1     16C1       1C         0
                text27                             17A8     17A8       2B         0
                text26                             16FB     16FB       20         0
                text25                             173B     173B       22         0
                text24                              F56      F56       AA         0
                text23                              383      383      119         0
                text21                             1641     1641        C         0
                text20                             161D     161D        9         0
                text19                             1665     1665        E         0
                text18                             1626     1626        9         0
                text17                             1782     1782       26         0
                text16                             162F     162F        9         0
                text15                             16A8     16A8       19         0
                text14                             16DD     16DD       1E         0
                text13                              626      626       B3         0
                text12                             15F0     15F0        4         0
                text11                             1692     1692       16         0
                text10                             1606     1606        7         0
                text9                              160D     160D        7         0
                text8                               800      800        7         0
                text7                              15F4     15F4        6         0
                text6                              15FA     15FA        6         0
                text5                              1600     1600        6         0
                text4                              1638     1638        9         0
                text3                               965      965       4D         0
                text2                              1682     1682       10         0
                text1                               566      566       C0         0
                maintext                           17D3     17D3       2D         0
                clrtext                            164D     164D        C         0
                inittext                           1659     1659        C         0
                idataBANK4                         171B     171B       20         0
                idataBIGRAM                          8B       8B      1A0         0

        CLASS   STRCODE        
                stringtext8                        1838     1838        4         0
                stringtext7                        1830     1830        8         0
                stringtext6                        1816     1816       12         0
                stringtext5                        1800     1800       16         0
                stringtext4                        1043     1043       34         0
                stringtext3                        1000     1000       43         0
                stringtext2                        183C     183C        2         0
                stringtext1                        1828     1828        8         0

        CLASS   STRING         

        CLASS   CONST          

        CLASS   ENTRY          

        CLASS   COMMON         
                cstackCOMMON                         70       70        E         1

        CLASS   BANK0          
                cstackBANK0                          60       60       10         1

        CLASS   BANK1          
                cstackBANK1                          B7       B7       14         1
                bssBANK1                             A0       A0       17         1

        CLASS   BANK2          

        CLASS   BANK3          
                bssBANK3                            1B0      1B0       3C         1
                nvBANK3                             1EC      1EC        2         1

        CLASS   BANK4          
                cstackBANK4                         25D      25D        5         1
                dataBANK4                           220      220       20         1
                bssBANK4                            240      240       1D         1

        CLASS   BANK5          
                bssBANK5                            2A0      2A0       40         1

        CLASS   BANK6          
                bssBANK6                            320      320       40         1

        CLASS   BANK7          

        CLASS   BANK8          

        CLASS   BANK9          

        CLASS   BANK10         

        CLASS   BANK11         

        CLASS   BANK12         

        CLASS   BIGRAM         

        CLASS   RAM            

        CLASS   ABS1           
                abs_s1                               20       20       40         1
                abs_s1                               7E       7E        2         1
                abs_s1                               D0       D0       20         1
                abs_s1                              120      120       50         1
                abs_s1                              1A0      1A0       10         1
                abs_s1                              3C0      3C0       30         1
                abs_s1                              420      420       50         1
                abs_s1                              4A0      4A0       50         1
                abs_s1                              520      520       50         1
                abs_s1                              5A0      5A0       50         1
                abs_s1                              620      620       30         1
                abs_s1                             2250     2250        0         1

        CLASS   SFR0           

        CLASS   SFR1           

        CLASS   SFR2           

        CLASS   SFR3           

        CLASS   SFR4           

        CLASS   SFR5           

        CLASS   SFR6           

        CLASS   SFR7           

        CLASS   SFR8           

        CLASS   SFR9           

        CLASS   SFR10          

        CLASS   SFR11          

        CLASS   SFR12          

        CLASS   SFR13          

        CLASS   SFR14          

        CLASS   SFR15          

        CLASS   SFR16          

        CLASS   SFR17          

        CLASS   SFR18          

        CLASS   SFR19          

        CLASS   SFR20          

        CLASS   SFR21          

        CLASS   SFR22          

        CLASS   SFR23          

        CLASS   SFR24          

        CLASS   SFR25          

        CLASS   SFR26          

        CLASS   SFR27          

        CLASS   SFR28          

        CLASS   SFR29          

        CLASS   SFR30          

        CLASS   SFR31          

        CLASS   CONFIG         
                config                             8007     8007        2         4

        CLASS   IDLOC          

        CLASS   BANK31         

        CLASS   BANK30         

        CLASS   BANK29         

        CLASS   BANK28         

        CLASS   BANK27         

        CLASS   BANK26         

        CLASS   BANK25         

        CLASS   BANK24         

        CLASS   BANK23         

        CLASS   BANK22         

        CLASS   BANK21         

        CLASS   BANK20         

        CLASS   BANK19         

        CLASS   BANK18         

        CLASS   BANK17         

        CLASS   BANK16         

        CLASS   BANK15         

        CLASS   BANK14         

        CLASS   BANK13         

        CLASS   EEDATA         



SEGMENTS        Name                           Load    Length   Top    Selector   Space  Class     Delta

                reset_vec                      000000  000003  000003         0       0  CODE        2
                text52                         000003  000001  000004         6       0  CODE        2
                intentry                       000004  000803  000807         8       0  CODE        2
                cstackBANK0                    000060  000010  000070        60       1  BANK0       1
                cstackCOMMON                   000070  00000E  00007E        70       1  COMMON      1
                bssBANK1                       0000A0  00002B  0000CB        A0       1  BANK1       1
                bssBANK3                       0001B0  00003E  0001EE       1B0       1  BANK3       1
                dataBANK4                      000220  000042  000262       220       1  BANK4       1
                bssBANK5                       0002A0  000040  0002E0       2A0       1  BANK5       1
                bssBANK6                       000320  000040  000360       320       1  BANK6       1
                text30                         000807  00002E  000835      100E       0  CODE        2
                text40                         000835  000032  000867      106A       0  CODE        2
                text42                         000867  000038  00089F      10CE       0  CODE        2
                text46                         00089F  00003A  0008D9      113E       0  CODE        2
                text45                         0008D9  000043  00091C      11B2       0  CODE        2
                text51                         00091C  000049  000965      1238       0  CODE        2
                text3                          000965  00004D  0009B2      12CA       0  CODE        2
                text29                         0009B2  000054  000A06      1364       0  CODE        2
                text31                         000A06  000056  000A5C      140C       0  CODE        2
                text33                         000A5C  000060  000ABC      14B8       0  CODE        2
                text37                         000ABC  000067  000B23      1578       0  CODE        2
                text41                         000B23  00006F  000B92      1646       0  CODE        2
                text48                         000B92  000079  000C0B      1724       0  CODE        2
                text50                         000C0B  000081  000C8C      1816       0  CODE        2
                text43                         000C8C  000087  000D13      1918       0  CODE        2
                text34                         000D13  000088  000D9B      1A26       0  CODE        2
                text38                         000D9B  00008B  000E26      1B36       0  CODE        2
                text35                         000E26  00008D  000EB3      1C4C       0  CODE        2
                text32                         000EB3  0000A3  000F56      1D66       0  CODE        2
                text24                         000F56  0000AA  001000      1EAC       0  CODE        2
                stringtext3                    001000  000077  001077      2000       0  STRCODE     2
                text12                         0015F0  000004  0015F4      2BE0       0  CODE        2
                text7                          0015F4  000006  0015FA      2BE8       0  CODE        2
                text6                          0015FA  000006  001600      2BF4       0  CODE        2
                text5                          001600  000006  001606      2C00       0  CODE        2
                text10                         001606  000007  00160D      2C0C       0  CODE        2
                text9                          00160D  000007  001614      2C1A       0  CODE        2
                text53                         001614  000009  00161D      2C28       0  CODE        2
                text20                         00161D  000009  001626      2C3A       0  CODE        2
                text18                         001626  000009  00162F      2C4C       0  CODE        2
                text16                         00162F  000009  001638      2C5E       0  CODE        2
                text4                          001638  000009  001641      2C70       0  CODE        2
                text21                         001641  00000C  00164D      2C82       0  CODE        2
                clrtext                        00164D  00000C  001659      2C9A       0  CODE        2
                inittext                       001659  00000C  001665      2CB2       0  CODE        2
                text19                         001665  00000E  001673      2CCA       0  CODE        2
                text54                         001673  00000F  001682      2CE6       0  CODE        2
                text2                          001682  000010  001692      2D04       0  CODE        2
                text11                         001692  000016  0016A8      2D24       0  CODE        2
                text15                         0016A8  000019  0016C1      2D50       0  CODE        2
                text28                         0016C1  00001C  0016DD      2D82       0  CODE        2
                text14                         0016DD  00001E  0016FB      2DBA       0  CODE        2
                text26                         0016FB  000020  00171B      2DF6       0  CODE        2
                idataBANK4                     00171B  000020  00173B      2E36       0  CODE        2
                text25                         00173B  000022  00175D      2E76       0  CODE        2
                text44                         00175D  000025  001782      2EBA       0  CODE        2
                text17                         001782  000026  0017A8      2F04       0  CODE        2
                text27                         0017A8  00002B  0017D3      2F50       0  CODE        2
                maintext                       0017D3  00002D  001800      2FA6       0  CODE        2
                stringtext5                    001800  00003E  00183E      3000       0  STRCODE     2


UNUSED ADDRESS RANGES

        Name                Unused          Largest block    Delta
        BANK1            000CB-000CF               5           1
        BANK3            001EE-001EF               2           1
        BANK4            00262-0026F               E           1
        BANK5            002E0-002EF              10           1
        BANK6            00360-0036F              10           1
        BANK7            003A0-003BF              20           1
        BIGRAM           02000-023EF             3F0           1
        CODE             01077-015EF             579           2
                         0183E-01FFF             7C2
        CONST            01077-015EF             100           2
                         0183E-01FFF             100
        ENTRY            01077-015EF             100           2
                         0183E-01FFF             100
        IDLOC            08000-08003               4           2
        RAM              000CB-000CF               5           1
                         001EE-001EF               2
                         00262-0026F               E
                         002E0-002EF              10
                         00360-0036F              10
                         003A0-003BF              20
        SFR0             00000-0001F              20           1
        SFR1             00080-0009F              20           1
        SFR10            00500-0051F              20           1
        SFR11            00580-0059F              20           1
        SFR12            00600-0061F              20           1
        SFR13            00680-006EF              70           1
        SFR14            00700-0076F              70           1
        SFR15            00780-007EF              70           1
        SFR16            00800-0086F              70           1
        SFR17            00880-008EF              70           1
        SFR18            00900-0096F              70           1
        SFR19            00980-009EF              70           1
        SFR2             00100-0011F              20           1
        SFR20            00A00-00A6F              70           1
        SFR21            00A80-00AEF              70           1
        SFR22            00B00-00B6F              70           1
        SFR23            00B80-00BEF              70           1
        SFR24            00C00-00C6F              70           1
        SFR25            00C80-00CEF              70           1
        SFR26            00D00-00D6F              70           1
        SFR27            00D80-00DEF              70           1
        SFR28            00E00-00E6F              70           1
        SFR29            00E80-00EEF              70           1
        SFR3             00180-0019F              20           1
        SFR30            00F00-00F6F              70           1
        SFR31            00F80-00FEF              70           1
        SFR4             00200-0021F              20           1
        SFR5             00280-0029F              20           1
        SFR6             00300-0031F              20           1
        SFR7             00380-0039F              20           1
        SFR8             00400-0041F              20           1
        SFR9             00480-0049F              20           1
        STACK            02220-0224F              30           1
        STRCODE          01077-015EF             579           2
                         0183E-01FFF             7C2
        STRING           01077-015EF             100           2
                         0183E-01FFF             100

                                  Symbol Table

?_USBTransferOnePacket                      cstackCOMMON 00070
I2C_MasterWrite@data                        cstackBANK1  000BC
IOCAF5_SetInterruptHandler@InterruptHandler cstackBANK1  000BC
TMR0_SetInterruptHandler@InterruptHandler   cstackBANK1  000BC
USBConfigureEndpoint@EPNum                  cstackCOMMON 00075
USBConfigureEndpoint@direction              cstackCOMMON 00070
USBConfigureEndpoint@handle                 cstackCOMMON 00076
USBCtrlTrfInHandler@lastDTS                 cstackCOMMON 00075
USBCtrlTrfRxService@byteToRead              cstackCOMMON 00075
USBCtrlTrfRxService@i                       cstackCOMMON 00074
USBCtrlTrfTxService@byteToSend              cstackCOMMON 00072
USBDeviceInit@i                             cstackBANK1  000C0
USBDeviceInit@i_665                         cstackBANK1  000BF
USBDeviceInit@p                             cstackBANK1  000BD
USBDeviceTasks@i                            cstackBANK1  000BB
USBEnableEndpoint@ep                        cstackCOMMON 0007C
USBEnableEndpoint@options                   cstackCOMMON 00077
USBEnableEndpoint@p                         cstackCOMMON 0007A
USBStdFeatureReqHandler@current_ep_data     cstackBANK0  0006A
USBStdFeatureReqHandler@p                   cstackBANK0  0006B
USBStdFeatureReqHandler@pUEP                cstackBANK0  00068
USBStdGetStatusHandler@p                    cstackCOMMON 00072
USBStdSetCfgHandler@i                       cstackBANK0  0006A
USBStdSetCfgHandler@i_1402                  cstackBANK0  00069
USBStdSetCfgHandler@p                       cstackBANK0  00067
USBTransferOnePacket@data                   cstackCOMMON 00071
USBTransferOnePacket@dir                    cstackCOMMON 00070
USBTransferOnePacket@ep                     cstackCOMMON 00078
USBTransferOnePacket@handle                 cstackCOMMON 00079
USBTransferOnePacket@len                    cstackCOMMON 00073
USER_USB_CALLBACK_EVENT_HANDLER@event       cstackBANK0  00060
USER_USB_CALLBACK_EVENT_HANDLER@pdata       cstackBANK0  00062
USER_USB_CALLBACK_EVENT_HANDLER@size        cstackBANK0  00064
_ACK_Poll                                   text2        01682
_ACTCON                                     (abs)        0039B
_ADCON0                                     (abs)        0009D
_ADCON0bits                                 (abs)        0009D
_ADCON1                                     (abs)        0009E
_ADCON2                                     (abs)        0009F
_ADC_Initialize                             text20       0161D
_ADRESH                                     (abs)        0009C
_ADRESL                                     (abs)        0009B
_ANSELA                                     (abs)        0018C
_ANSELB                                     (abs)        0018D
_ANSELC                                     (abs)        0018E
_APFCON                                     (abs)        0011D
_BDT                                        (abs)        00020
_BORCON                                     (abs)        00116
_BothEP0OutUOWNsSet                         bssBANK3     001E5
_CDCDataInHandle                            bssBANK3     001CF
_CDCDataOutHandle                           bssBANK3     001D1
_CDCInitEP                                  text42       00867
_CtrlTrfData                                (abs)        00058
_I2C_Initialize                             text21       01641
_I2C_MasterSendAck                          text9        0160D
_I2C_MasterSendNack                         text8        00800
_I2C_MasterSetReceive                       text7        015F4
_I2C_MasterStart                            text6        015FA
_I2C_MasterStop                             text5        01600
_I2C_MasterWrite                            text4        01638
_I2C_WaitForCompletion                      text10       01606
_INTCONbits                                 (abs)        0000B
_INTERRUPT_InterruptManager                 intentry     00004
_IOCAF5_DefaultInterruptHandler             text55       00002
_IOCAF5_ISR                                 text54       01673
_IOCAF5_InterruptHandler                    nvBANK3      001EC
_IOCAF5_SetInterruptHandler                 text18       01626
_IOCAFbits                                  (abs)        00393
_IOCANbits                                  (abs)        00392
_IOCAPbits                                  (abs)        00391
_LATA                                       (abs)        0010C
_LATB                                       (abs)        0010D
_LATC                                       (abs)        0010E
_OPTION_REG                                 (abs)        00095
_OPTION_REGbits                             (abs)        00095
_OSCCON                                     (abs)        00099
_OSCILLATOR_Initialize                      text19       01665
_OSCTUNE                                    (abs)        00098
_PIE2bits                                   (abs)        00092
_PIN_MANAGER_IOC                            text53       01614
_PIN_MANAGER_Initialize                     text17       01782
_PIR1bits                                   (abs)        00011
_PIR2bits                                   (abs)        00012
_PLLRDY                                     (abs)        004D6
_RemoteWakeup                               bssBANK3     001E7
_SSP1ADD                                    (abs)        00212
_SSP1BUF                                    (abs)        00211
_SSP1CON1                                   (abs)        00215
_SSP1CON1bits                               (abs)        00215
_SSP1CON2                                   (abs)        00216
_SSP1CON2bits                               (abs)        00216
_SSP1STAT                                   (abs)        00214
_SSPBUF                                     (abs)        00211
_SSPCON2bits                                (abs)        00216
_SYSTEM_Initialize                          text11       01692
_SetupPkt                                   (abs)        00050
_TMR0                                       (abs)        00015
_TMR0_DefaultInterruptHandler               text52       00003
_TMR0_ISR                                   text51       0091C
_TMR0_Initialize                            text15       016A8
_TMR0_InterruptHandler                      bssBANK3     001C7
_TMR0_SetInterruptHandler                   text16       0162F
_TRISA                                      (abs)        0008C
_TRISB                                      (abs)        0008D
_TRISC                                      (abs)        0008E
_UADDR                                      (abs)        00E96
_UCFG                                       (abs)        00E91
_UCON                                       (abs)        00E8E
_UCONbits                                   (abs)        00E8E
_UEIE                                       (abs)        00E97
_UEIR                                       (abs)        00E93
_UEP0                                       (abs)        00E98
_UEP0bits                                   (abs)        00E98
_UEP1                                       (abs)        00E99
_UIE                                        (abs)        00E92
_UIEbits                                    (abs)        00E92
_UIR                                        (abs)        00E90
_UIRbits                                    (abs)        00E90
_USB1msTickCount                            bssBANK3     001BD
_USBActiveConfiguration                     bssBANK1     000B6
_USBAlternateInterface                      bssBANK3     001E9
_USBBusIsSuspended                          bssBANK3     001E6
_USBCheckCDCRequest                         text41       00B23
_USBCheckStdRequest                         text34       00D13
_USBConfigureEndpoint                       text45       008D9
_USBCtrlEPAllowDataStage                    text33       00A5C
_USBCtrlEPAllowStatusStage                  text48       00B92
_USBCtrlEPService                           text29       009B2
_USBCtrlEPServiceComplete                   text32       00EB3
_USBCtrlTrfInHandler                        text49       00786
_USBCtrlTrfOutHandler                       text46       0089F
_USBCtrlTrfRxService                        text47       006D9
_USBCtrlTrfSetupHandler                     text31       00A06
_USBCtrlTrfTxService                        text50       00C0B
_USBDeferINDataStagePackets                 bssBANK3     001E2
_USBDeferOUTDataStagePackets                bssBANK3     001E1
_USBDeferStatusStagePacket                  bssBANK1     000AE
_USBDeviceAttach                            text14       016DD
_USBDeviceInit                              text13       00626
_USBDeviceState                             bssBANK1     000B4
_USBDeviceTasks                             text23       00383
_USBEnableEndpoint                          text44       0175D
_USBIncrement1msInternalTimers              text28       016C1
_USBStallHandler                            text27       017A8
_USBStatusStageEnabledFlag1                 bssBANK3     001E4
_USBStatusStageEnabledFlag2                 bssBANK3     001E3
_USBStatusStageTimeoutCounter               bssBANK1     000AF
_USBStdFeatureReqHandler                    text39       0022B
_USBStdGetDscHandler                        text38       00D9B
_USBStdGetStatusHandler                     text37       00ABC
_USBStdSetCfgHandler                        text35       00E26
_USBSuspend                                 text26       016FB
_USBTicksSinceSuspendEnd                    bssBANK3     001E0
_USBTransferOnePacket                       text43       00C8C
_USBWakeFromSuspend                         text25       0173B
_USB_CD_Ptr                                 stringtext2  0183C
_USB_SD_Ptr                                 stringtext1  01828
_USER_USB_CALLBACK_EVENT_HANDLER            text40       00835
_USTAT                                      (abs)        00E8F
_USTATcopy                                  bssBANK1     000B5
_WDTCON                                     (abs)        00097
_WDT_Initialize                             text12       015F0
_WPUA                                       (abs)        0020C
_WPUB                                       (abs)        0020D
__Habs1                                     abs1         00000
__Hbank0                                    bank0        00000
__Hbank1                                    bank1        00000
__Hbank10                                   bank10       00000
__Hbank11                                   bank11       00000
__Hbank12                                   bank12       00000
__Hbank13                                   bank13       00000
__Hbank14                                   bank14       00000
__Hbank15                                   bank15       00000
__Hbank16                                   bank16       00000
__Hbank17                                   bank17       00000
__Hbank18                                   bank18       00000
__Hbank19                                   bank19       00000
__Hbank2                                    bank2        00000
__Hbank20                                   bank20       00000
__Hbank21                                   bank21       00000
__Hbank22                                   bank22       00000
__Hbank23                                   bank23       00000
__Hbank24                                   bank24       00000
__Hbank25                                   bank25       00000
__Hbank26                                   bank26       00000
__Hbank27                                   bank27       00000
__Hbank28                                   bank28       00000
__Hbank29                                   bank29       00000
__Hbank3                                    bank3        00000
__Hbank30                                   bank30       00000
__Hbank31                                   bank31       00000
__Hbank4                                    bank4        00000
__Hbank5                                    bank5        00000
__Hbank6                                    bank6        00000
__Hbank7                                    bank7        00000
__Hbank8                                    bank8        00000
__Hbank9                                    bank9        00000
__Hbigram                                   bigram       00000
__HbssBANK1                                 bssBANK1     00000
__HbssBANK3                                 bssBANK3     00000
__HbssBANK4                                 bssBANK4     00000
__HbssBANK5                                 bssBANK5     00000
__HbssBANK6                                 bssBANK6     00000
__Hcinit                                    cinit        0008B
__Hclrtext                                  clrtext      00000
__Hcode                                     code         00000
__Hcommon                                   common       00000
__Hconfig                                   config       08009
__HcstackBANK0                              cstackBANK0  00000
__HcstackBANK1                              cstackBANK1  00000
__HcstackBANK4                              cstackBANK4  00000
__HcstackCOMMON                             cstackCOMMON 00000
__HdataBANK4                                dataBANK4    00000
__Heeprom_data                              eeprom_data  00000
__Hend_init                                 end_init     00034
__Hfunctab                                  functab      00000
__HidataBANK4                               idataBANK4   00000
__HidataBIGRAM                              idataBIGRAM  00000
__Hinit                                     init         00032
__Hinittext                                 inittext     00000
__Hintentry                                 intentry     00032
__Hmaintext                                 maintext     00000
__HnvBANK3                                  nvBANK3      00000
__Hpowerup                                  powerup      00000
__Hram                                      ram          00000
__Hreset_vec                                reset_vec    00002
__Hsfr0                                     sfr0         00000
__Hsfr1                                     sfr1         00000
__Hsfr10                                    sfr10        00000
__Hsfr11                                    sfr11        00000
__Hsfr12                                    sfr12        00000
__Hsfr13                                    sfr13        00000
__Hsfr14                                    sfr14        00000
__Hsfr15                                    sfr15        00000
__Hsfr16                                    sfr16        00000
__Hsfr17                                    sfr17        00000
__Hsfr18                                    sfr18        00000
__Hsfr19                                    sfr19        00000
__Hsfr2                                     sfr2         00000
__Hsfr20                                    sfr20        00000
__Hsfr21                                    sfr21        00000
__Hsfr22                                    sfr22        00000
__Hsfr23                                    sfr23        00000
__Hsfr24                                    sfr24        00000
__Hsfr25                                    sfr25        00000
__Hsfr26                                    sfr26        00000
__Hsfr27                                    sfr27        00000
__Hsfr28                                    sfr28        00000
__Hsfr29                                    sfr29        00000
__Hsfr3                                     sfr3         00000
__Hsfr30                                    sfr30        00000
__Hsfr31                                    sfr31        00000
__Hsfr4                                     sfr4         00000
__Hsfr5                                     sfr5         00000
__Hsfr6                                     sfr6         00000
__Hsfr7                                     sfr7         00000
__Hsfr8                                     sfr8         00000
__Hsfr9                                     sfr9         00000
__Hspace_0                                  (abs)        0183E
__Hspace_1                                  (abs)        00360
__Hspace_2                                  (abs)        00000
__Hspace_3                                  (abs)        00000
__Hspace_4                                  (abs)        10010
__Hstack                                    stack        00000
__Hstrings                                  strings      00000
__Hstringtext1                              stringtext1  00000
__Hstringtext2                              stringtext2  00000
__Hstringtext3                              stringtext3  00000
__Hstringtext4                              stringtext4  00000
__Hstringtext5                              stringtext5  00000
__Hstringtext6                              stringtext6  00000
__Hstringtext7                              stringtext7  00000
__Hstringtext8                              stringtext8  00000
__Htext                                     text         00000
__Labs1                                     abs1         00000
__Lbank0                                    bank0        00000
__Lbank1                                    bank1        00000
__Lbank10                                   bank10       00000
__Lbank11                                   bank11       00000
__Lbank12                                   bank12       00000
__Lbank13                                   bank13       00000
__Lbank14                                   bank14       00000
__Lbank15                                   bank15       00000
__Lbank16                                   bank16       00000
__Lbank17                                   bank17       00000
__Lbank18                                   bank18       00000
__Lbank19                                   bank19       00000
__Lbank2                                    bank2        00000
__Lbank20                                   bank20       00000
__Lbank21                                   bank21       00000
__Lbank22                                   bank22       00000
__Lbank23                                   bank23       00000
__Lbank24                                   bank24       00000
__Lbank25                                   bank25       00000
__Lbank26                                   bank26       00000
__Lbank27                                   bank27       00000
__Lbank28                                   bank28       00000
__Lbank29                                   bank29       00000
__Lbank3                                    bank3        00000
__Lbank30                                   bank30       00000
__Lbank31                                   bank31       00000
__Lbank4                                    bank4        00000
__Lbank5                                    bank5        00000
__Lbank6                                    bank6        00000
__Lbank7                                    bank7        00000
__Lbank8                                    bank8        00000
__Lbank9                                    bank9        00000
__Lbigram                                   bigram       00000
__LbssBANK1                                 bssBANK1     00000
__LbssBANK3                                 bssBANK3     00000
__LbssBANK4                                 bssBANK4     00000
__LbssBANK5                                 bssBANK5     00000
__LbssBANK6                                 bssBANK6     00000
__Lcinit                                    cinit        00034
__Lclrtext                                  clrtext      00000
__Lcode                                     code         00000
__Lcommon                                   common       00000
__Lconfig                                   config       00000
__LcstackBANK0                              cstackBANK0  00000
__LcstackBANK1                              cstackBANK1  00000
__LcstackBANK4                              cstackBANK4  00000
__LcstackCOMMON                             cstackCOMMON 00000
__LdataBANK4                                dataBANK4    00000
__Leeprom_data                              eeprom_data  00000
__Lend_init                                 end_init     00032
__Lfunctab                                  functab      00000
__LidataBANK4                               idataBANK4   00000
__LidataBIGRAM                              idataBIGRAM  00000
__Linit                                     init         00032
__Linittext                                 inittext     00000
__Lintentry                                 intentry     00004
__Lmaintext                                 maintext     00000
__LnvBANK3                                  nvBANK3      00000
__Lpowerup                                  powerup      00000
__Lram                                      ram          00000
__Lreset_vec                                reset_vec    00000
__Lsfr0                                     sfr0         00000
__Lsfr1                                     sfr1         00000
__Lsfr10                                    sfr10        00000
__Lsfr11                                    sfr11        00000
__Lsfr12                                    sfr12        00000
__Lsfr13                                    sfr13        00000
__Lsfr14                                    sfr14        00000
__Lsfr15                                    sfr15        00000
__Lsfr16                                    sfr16        00000
__Lsfr17                                    sfr17        00000
__Lsfr18                                    sfr18        00000
__Lsfr19                                    sfr19        00000
__Lsfr2                                     sfr2         00000
__Lsfr20                                    sfr20        00000
__Lsfr21                                    sfr21        00000
__Lsfr22                                    sfr22        00000
__Lsfr23                                    sfr23        00000
__Lsfr24                                    sfr24        00000
__Lsfr25                                    sfr25        00000
__Lsfr26                                    sfr26        00000
__Lsfr27                                    sfr27        00000
__Lsfr28                                    sfr28        00000
__Lsfr29                                    sfr29        00000
__Lsfr3                                     sfr3         00000
__Lsfr30                                    sfr30        00000
__Lsfr31                                    sfr31        00000
__Lsfr4                                     sfr4         00000
__Lsfr5                                     sfr5         00000
__Lsfr6                                     sfr6         00000
__Lsfr7                                     sfr7         00000
__Lsfr8                                     sfr8         00000
__Lsfr9                                     sfr9         00000
__Lspace_0                                  (abs)        00000
__Lspace_1                                  (abs)        00000
__Lspace_2                                  (abs)        00000
__Lspace_3                                  (abs)        00000
__Lspace_4                                  (abs)        00000
__Lstack                                    stack        00000
__Lstrings                                  strings      00000
__Lstringtext1                              stringtext1  00000
__Lstringtext2                              stringtext2  00000
__Lstringtext3                              stringtext3  00000
__Lstringtext4                              stringtext4  00000
__Lstringtext5                              stringtext5  00000
__Lstringtext6                              stringtext6  00000
__Lstringtext7                              stringtext7  00000
__Lstringtext8                              stringtext8  00000
__Ltext                                     text         00000
__S0                                        (abs)        0183E
__S1                                        (abs)        00360
__S2                                        (abs)        00000
___int_sp                                   stack        00000
___latbits                                  (abs)        00002
___sp                                       stack        00000
___stackhi                                  (abs)        0224F
___stacklo                                  (abs)        02220
__end_of_ACK_Poll                           text2        01692
__end_of_ADC_Initialize                     text20       01626
__end_of_CDCInitEP                          text42       0089F
__end_of_I2C_Initialize                     text21       0164D
__end_of_I2C_MasterSendAck                  text9        01614
__end_of_I2C_MasterSendNack                 text8        00807
__end_of_I2C_MasterSetReceive               text7        015FA
__end_of_I2C_MasterStart                    text6        01600
__end_of_I2C_MasterStop                     text5        01606
__end_of_I2C_MasterWrite                    text4        01641
__end_of_I2C_WaitForCompletion              text10       0160D
__end_of_INTERRUPT_InterruptManager         intentry     00032
__end_of_IOCAF5_DefaultInterruptHandler     text55       00003
__end_of_IOCAF5_ISR                         text54       01682
__end_of_IOCAF5_SetInterruptHandler         text18       0162F
__end_of_OSCILLATOR_Initialize              text19       01673
__end_of_PIN_MANAGER_IOC                    text53       0161D
__end_of_PIN_MANAGER_Initialize             text17       017A8
__end_of_SYSTEM_Initialize                  text11       016A8
__end_of_TMR0_DefaultInterruptHandler       text52       00004
__end_of_TMR0_ISR                           text51       00965
__end_of_TMR0_Initialize                    text15       016C1
__end_of_TMR0_SetInterruptHandler           text16       01638
__end_of_USBCheckCDCRequest                 text41       00B92
__end_of_USBCheckStdRequest                 text34       00D9B
__end_of_USBConfigureEndpoint               text45       0091C
__end_of_USBCtrlEPAllowDataStage            text33       00ABC
__end_of_USBCtrlEPAllowStatusStage          text48       00C0B
__end_of_USBCtrlEPService                   text29       00A06
__end_of_USBCtrlEPServiceComplete           text32       00F56
__end_of_USBCtrlTrfInHandler                text49       00800
__end_of_USBCtrlTrfOutHandler               text46       008D9
__end_of_USBCtrlTrfRxService                text47       00786
__end_of_USBCtrlTrfSetupHandler             text31       00A5C
__end_of_USBCtrlTrfTxService                text50       00C8C
__end_of_USBDeviceAttach                    text14       016FB
__end_of_USBDeviceInit                      text13       006D9
__end_of_USBDeviceTasks                     text23       0049C
__end_of_USBEnableEndpoint                  text44       01782
__end_of_USBIncrement1msInternalTimers      text28       016DD
__end_of_USBStallHandler                    text27       017D3
__end_of_USBStdFeatureReqHandler            text39       00383
__end_of_USBStdGetDscHandler                text38       00E26
__end_of_USBStdGetStatusHandler             text37       00B23
__end_of_USBStdSetCfgHandler                text35       00EB3
__end_of_USBSuspend                         text26       0171B
__end_of_USBTransferOnePacket               text43       00D13
__end_of_USBWakeFromSuspend                 text25       0175D
__end_of_USB_CD_Ptr                         stringtext2  0183E
__end_of_USB_SD_Ptr                         stringtext1  01830
__end_of_USER_USB_CALLBACK_EVENT_HANDLER    text40       00867
__end_of_WDT_Initialize                     text12       015F4
__end_of__initialization                    cinit        00087
__end_of_configDescriptor1                  stringtext3  01043
__end_of_device_dsc                         stringtext6  01828
__end_of_eeprom_readMem                     text3        009B2
__end_of_eeprom_storeBurstGroup             text1        00626
__end_of_main                               maintext     01800
__end_of_memcpy                             text30       00835
__end_of_memset                             text36       00566
__end_of_sd000                              stringtext8  0183C
__end_of_sd001                              stringtext4  01077
__end_of_sd002                              stringtext5  01816
__end_of_sd003                              stringtext7  01838
__end_ofi1_USBDeviceInit                    text24       01000
__initialization                            cinit        00034
__pbssBANK1                                 bssBANK1     000A0
__pbssBANK3                                 bssBANK3     001B0
__pbssBANK4                                 bssBANK4     00240
__pbssBANK5                                 bssBANK5     002A0
__pbssBANK6                                 bssBANK6     00320
__pcstackBANK0                              cstackBANK0  00060
__pcstackBANK1                              cstackBANK1  000B7
__pcstackBANK4                              cstackBANK4  0025D
__pcstackCOMMON                             cstackCOMMON 00070
__pdataBANK4                                dataBANK4    00220
__pdataBIGRAM                               (abs)        02250
__pidataBANK4                               idataBANK4   0171B
__pidataBIGRAM                              idataBIGRAM  0008B
__pintentry                                 intentry     00004
__pmaintext                                 maintext     017D3
__pnvBANK3                                  nvBANK3      001EC
__pstringtext1                              stringtext1  01828
__pstringtext2                              stringtext2  0183C
__pstringtext3                              stringtext3  01000
__pstringtext4                              stringtext4  01043
__pstringtext5                              stringtext5  01800
__pstringtext6                              stringtext6  01816
__pstringtext7                              stringtext7  01830
__pstringtext8                              stringtext8  01838
__ptext1                                    text1        00566
__ptext10                                   text10       01606
__ptext11                                   text11       01692
__ptext12                                   text12       015F0
__ptext13                                   text13       00626
__ptext14                                   text14       016DD
__ptext15                                   text15       016A8
__ptext16                                   text16       0162F
__ptext17                                   text17       01782
__ptext18                                   text18       01626
__ptext19                                   text19       01665
__ptext2                                    text2        01682
__ptext20                                   text20       0161D
__ptext21                                   text21       01641
__ptext23                                   text23       00383
__ptext24                                   text24       00F56
__ptext25                                   text25       0173B
__ptext26                                   text26       016FB
__ptext27                                   text27       017A8
__ptext28                                   text28       016C1
__ptext29                                   text29       009B2
__ptext3                                    text3        00965
__ptext30                                   text30       00807
__ptext31                                   text31       00A06
__ptext32                                   text32       00EB3
__ptext33                                   text33       00A5C
__ptext34                                   text34       00D13
__ptext35                                   text35       00E26
__ptext36                                   text36       0049C
__ptext37                                   text37       00ABC
__ptext38                                   text38       00D9B
__ptext39                                   text39       0022B
__ptext4                                    text4        01638
__ptext40                                   text40       00835
__ptext41                                   text41       00B23
__ptext42                                   text42       00867
__ptext43                                   text43       00C8C
__ptext44                                   text44       0175D
__ptext45                                   text45       008D9
__ptext46                                   text46       0089F
__ptext47                                   text47       006D9
__ptext48                                   text48       00B92
__ptext49                                   text49       00786
__ptext5                                    text5        01600
__ptext50                                   text50       00C0B
__ptext51                                   text51       0091C
__ptext52                                   text52       00003
__ptext53                                   text53       01614
__ptext54                                   text54       01673
__ptext55                                   text55       00002
__ptext6                                    text6        015FA
__ptext7                                    text7        015F4
__ptext8                                    text8        00800
__ptext9                                    text9        0160D
__size_of_ACK_Poll                          (abs)        00000
__size_of_ADC_Initialize                    (abs)        00000
__size_of_CDCInitEP                         (abs)        00000
__size_of_I2C_Initialize                    (abs)        00000
__size_of_I2C_MasterSendAck                 (abs)        00000
__size_of_I2C_MasterSendNack                (abs)        00000
__size_of_I2C_MasterSetReceive              (abs)        00000
__size_of_I2C_MasterStart                   (abs)        00000
__size_of_I2C_MasterStop                    (abs)        00000
__size_of_I2C_MasterWrite                   (abs)        00000
__size_of_I2C_WaitForCompletion             (abs)        00000
__size_of_INTERRUPT_InterruptManager        (abs)        00000
__size_of_IOCAF5_DefaultInterruptHandler    (abs)        00000
__size_of_IOCAF5_ISR                        (abs)        00000
__size_of_IOCAF5_SetInterruptHandler        (abs)        00000
__size_of_OSCILLATOR_Initialize             (abs)        00000
__size_of_PIN_MANAGER_IOC                   (abs)        00000
__size_of_PIN_MANAGER_Initialize            (abs)        00000
__size_of_SYSTEM_Initialize                 (abs)        00000
__size_of_TMR0_DefaultInterruptHandler      (abs)        00000
__size_of_TMR0_ISR                          (abs)        00000
__size_of_TMR0_Initialize                   (abs)        00000
__size_of_TMR0_SetInterruptHandler          (abs)        00000
__size_of_USBCheckCDCRequest                (abs)        00000
__size_of_USBCheckStdRequest                (abs)        00000
__size_of_USBConfigureEndpoint              (abs)        00000
__size_of_USBCtrlEPAllowDataStage           (abs)        00000
__size_of_USBCtrlEPAllowStatusStage         (abs)        00000
__size_of_USBCtrlEPService                  (abs)        00000
__size_of_USBCtrlEPServiceComplete          (abs)        00000
__size_of_USBCtrlTrfInHandler               (abs)        00000
__size_of_USBCtrlTrfOutHandler              (abs)        00000
__size_of_USBCtrlTrfRxService               (abs)        00000
__size_of_USBCtrlTrfSetupHandler            (abs)        00000
__size_of_USBCtrlTrfTxService               (abs)        00000
__size_of_USBDeviceAttach                   (abs)        00000
__size_of_USBDeviceInit                     (abs)        00000
__size_of_USBDeviceTasks                    (abs)        00000
__size_of_USBEnableEndpoint                 (abs)        00000
__size_of_USBIncrement1msInternalTimers     (abs)        00000
__size_of_USBStallHandler                   (abs)        00000
__size_of_USBStdFeatureReqHandler           (abs)        00000
__size_of_USBStdGetDscHandler               (abs)        00000
__size_of_USBStdGetStatusHandler            (abs)        00000
__size_of_USBStdSetCfgHandler               (abs)        00000
__size_of_USBSuspend                        (abs)        00000
__size_of_USBTransferOnePacket              (abs)        00000
__size_of_USBWakeFromSuspend                (abs)        00000
__size_of_USER_USB_CALLBACK_EVENT_HANDLER   (abs)        00000
__size_of_WDT_Initialize                    (abs)        00000
__size_of_eeprom_readMem                    (abs)        00000
__size_of_eeprom_storeBurstGroup            (abs)        00000
__size_of_main                              (abs)        00000
__size_of_memcpy                            (abs)        00000
__size_of_memset                            (abs)        00000
__size_ofi1_USBDeviceInit                   (abs)        00000
_byte                                       bssBANK3     001EB
_cdc_data_rx                                (abs)        020C0
_cdc_data_tx                                (abs)        02080
_cdc_mem_type                               bssBANK3     001DD
_cdc_rx_len                                 bssBANK3     001DF
_cdc_trf_state                              bssBANK1     000AD
_cdc_tx_len                                 bssBANK3     001DE
_configDescriptor1                          stringtext3  01000
_controlTransferState                       bssBANK1     000B1
_control_signal_bitmap                      bssBANK3     001DC
_counter                                    bssBANK3     001CB
_device_dsc                                 stringtext6  01816
_dummy_encapsulated_cmd_response            bssBANK4     0024E
_eeprom_readMem                             text3        00965
_eeprom_storeBurstGroup                     text1        00566
_endpoint_number                            bssBANK1     000B0
_ep_data_in                                 bssBANK3     001C4
_ep_data_out                                bssBANK3     001C1
_inPipes                                    bssBANK1     000A6
_line_coding                                bssBANK4     00256
_main                                       maintext     017D3
_measarray                                  (abs)        02250
_measurement_count                          bssBANK3     001D9
_measurement_flag                           bssBANK3     001D8
_memcpy                                     text30       00807
_memset                                     text36       0049C
_outPipes                                   bssBANK3     001B0
_pBDTEntryEP0OutCurrent                     bssBANK1     000B3
_pBDTEntryEP0OutNext                        bssBANK1     000AB
_pBDTEntryIn                                bssBANK1     000A0
_pBDTEntryOut                               bssBANK3     001B7
_pCDCDst                                    bssBANK3     001D3
_pCDCSrc                                    bssBANK3     001D5
_pDst                                       bssBANK3     001E8
_readBuffer                                 bssBANK5     002A0
_sd000                                      stringtext8  01838
_sd001                                      stringtext4  01043
_sd002                                      stringtext5  01800
_sd003                                      stringtext7  01830
_shortPacketStatus                          bssBANK1     000B2
_sleep_flag                                 bssBANK3     001DB
_timer0ReloadVal                            bssBANK3     001D7
_waitforsleep_count                         bssBANK3     001C9
_writeBuffer                                bssBANK6     00320
_writeout_flag                              bssBANK3     001DA
btemp                                       (abs)        0007E
clear_ram0                                  clrtext      0164D
eeprom_readMem@databyte                     cstackBANK1  000BE
eeprom_readMem@i                            cstackBANK1  000BF
eeprom_storeBurstGroup@address              cstackBANK1  000BD
eeprom_storeBurstGroup@addresslsb           cstackBANK4  0025E
eeprom_storeBurstGroup@addressmsb           cstackBANK4  0025D
eeprom_storeBurstGroup@column               cstackBANK4  00261
eeprom_storeBurstGroup@data                 cstackBANK1  000BF
eeprom_storeBurstGroup@pagewritten          cstackBANK4  0025F
eeprom_storeBurstGroup@row                  cstackBANK4  00260
end_of_initialization                       cinit        00087
i1USBDeviceInit@i                           cstackCOMMON 00074
i1USBDeviceInit@i_665                       cstackCOMMON 00073
i1USBDeviceInit@p                           cstackCOMMON 00071
i1_USBDeviceInit                            text24       00F56
init_ram                                    inittext     01659
int$flags                                   (abs)        0007E
intlevel0                                   functab      00000
intlevel1                                   functab      00000
intlevel2                                   functab      00000
intlevel3                                   functab      00000
intlevel4                                   functab      00000
intlevel5                                   functab      00000
memcpy@d                                    cstackCOMMON 00079
memcpy@d1                                   cstackCOMMON 00078
memcpy@n                                    cstackCOMMON 00072
memcpy@s                                    cstackCOMMON 00075
memcpy@s1                                   cstackCOMMON 00070
memcpy@tmp                                  cstackCOMMON 00077
memset@c                                    cstackCOMMON 00072
memset@dest                                 cstackCOMMON 00070
memset@k                                    cstackCOMMON 0007A
memset@n                                    cstackCOMMON 00074
memset@s                                    cstackCOMMON 0007C
reset_vec                                   reset_vec    00000
start                                       init         00032
start_initialization                        cinit        00034
wtemp0                                      (abs)        0007E


FUNCTION INFORMATION:

 *************** function _main *****************
 Defined at:
		line 64 in file "main.c"
 Parameters:    Size  Location     Type
		None
 Auto vars:     Size  Location     Type
		None
 Return value:  Size  Location     Type
                  1    wreg      void 
 Registers used:
		wreg, fsr1l, fsr1h, status,2, status,0, pclath, cstack
 Tracked objects:
		On entry : 
		On exit  : 
		Unchanged: 
 Data sizes:     COMMON   BANK0   BANK1   BANK2   BANK3   BANK4   BANK5   BANK6   BANK7   BANK8   BANK9  BANK10  BANK11  BANK12
      Params:         0       0       0       0       0       0       0       0       0       0       0       0       0       0
      Locals:         0       0       0       0       0       0       0       0       0       0       0       0       0       0
      Temps:          0       0       0       0       0       0       0       0       0       0       0       0       0       0
      Totals:         0       0       0       0       0       0       0       0       0       0       0       0       0       0
Total ram usage:        0 bytes
 Hardware stack levels required when called:   14
 This function calls:
		_I2C_Initialize
		_SYSTEM_Initialize
		_eeprom_readMem
		_eeprom_storeBurstGroup
 This function is called by:
		Startup code after reset
 This function uses a non-reentrant model


 *************** function _eeprom_storeBurstGroup *****************
 Defined at:
		line 130 in file "24aa32a.c"
 Parameters:    Size  Location     Type
  address         2    6[BANK1 ] unsigned short 
  data            2    8[BANK1 ] PTR unsigned short [4]
		 -> measarray(416), 
 Auto vars:     Size  Location     Type
  column          1    4[BANK4 ] unsigned char 
  row             1    3[BANK4 ] unsigned char 
  addresslsb      1    1[BANK4 ] unsigned char 
  addressmsb      1    0[BANK4 ] unsigned char 
  pagewritten     1    2[BANK4 ] unsigned char 
 Return value:  Size  Location     Type
                  1    wreg      void 
 Registers used:
		wreg, fsr1l, fsr1h, status,2, status,0, pclath, cstack
 Tracked objects:
		On entry : 
		On exit  : 
		Unchanged: 
 Data sizes:     COMMON   BANK0   BANK1   BANK2   BANK3   BANK4   BANK5   BANK6   BANK7   BANK8   BANK9  BANK10  BANK11  BANK12
      Params:         0       0       4       0       0       0       0       0       0       0       0       0       0       0
      Locals:         0       0       0       0       0       5       0       0       0       0       0       0       0       0
      Temps:          0       0      10       0       0       0       0       0       0       0       0       0       0       0
      Totals:         0       0      14       0       0       5       0       0       0       0       0       0       0       0
Total ram usage:       19 bytes
 Hardware stack levels used:    1
 Hardware stack levels required when called:   13
 This function calls:
		_ACK_Poll
		_I2C_MasterStart
		_I2C_MasterStop
		_I2C_MasterWrite
 This function is called by:
		_main
 This function uses a non-reentrant model


 *************** function _ACK_Poll *****************
 Defined at:
		line 15 in file "24aa32a.c"
 Parameters:    Size  Location     Type
		None
 Auto vars:     Size  Location     Type
		None
 Return value:  Size  Location     Type
                  1    wreg      void 
 Registers used:
		wreg, status,2, status,0, pclath, cstack
 Tracked objects:
		On entry : 
		On exit  : 
		Unchanged: 
 Data sizes:     COMMON   BANK0   BANK1   BANK2   BANK3   BANK4   BANK5   BANK6   BANK7   BANK8   BANK9  BANK10  BANK11  BANK12
      Params:         0       0       0       0       0       0       0       0       0       0       0       0       0       0
      Locals:         0       0       0       0       0       0       0       0       0       0       0       0       0       0
      Temps:          0       0       0       0       0       0       0       0       0       0       0       0       0       0
      Totals:         0       0       0       0       0       0       0       0       0       0       0       0       0       0
Total ram usage:        0 bytes
 Hardware stack levels used:    1
 Hardware stack levels required when called:   12
 This function calls:
		_I2C_MasterStart
		_I2C_MasterStop
		_I2C_MasterWrite
 This function is called by:
		_eeprom_storeBurstGroup
		_eeprom_writeByte
		_eeprom_writePage
 This function uses a non-reentrant model


 *************** function _eeprom_readMem *****************
 Defined at:
		line 189 in file "24aa32a.c"
 Parameters:    Size  Location     Type
  databyte        1    wreg     PTR unsigned char 
		 -> byte(1), 
 Auto vars:     Size  Location     Type
  databyte        1    7[BANK1 ] PTR unsigned char 
		 -> byte(1), 
  i               2    8[BANK1 ] unsigned short 
 Return value:  Size  Location     Type
                  1    wreg      void 
 Registers used:
		wreg, fsr1l, fsr1h, status,2, status,0, pclath, cstack
 Tracked objects:
		On entry : 
		On exit  : 
		Unchanged: 
 Data sizes:     COMMON   BANK0   BANK1   BANK2   BANK3   BANK4   BANK5   BANK6   BANK7   BANK8   BANK9  BANK10  BANK11  BANK12
      Params:         0       0       0       0       0       0       0       0       0       0       0       0       0       0
      Locals:         0       0       3       0       0       0       0       0       0       0       0       0       0       0
      Temps:          0       0       1       0       0       0       0       0       0       0       0       0       0       0
      Totals:         0       0       4       0       0       0       0       0       0       0       0       0       0       0
Total ram usage:        4 bytes
 Hardware stack levels used:    1
 Hardware stack levels required when called:   12
 This function calls:
		_I2C_MasterSendAck
		_I2C_MasterSendNack
		_I2C_MasterSetReceive
		_I2C_MasterStart
		_I2C_MasterStop
		_I2C_MasterWrite
 This function is called by:
		_main
 This function uses a non-reentrant model


 *************** function _I2C_MasterWrite *****************
 Defined at:
		line 52 in file "24aa32a.c"
 Parameters:    Size  Location     Type
  data            1    wreg     unsigned char 
 Auto vars:     Size  Location     Type
  data            1    5[BANK1 ] unsigned char 
 Return value:  Size  Location     Type
                  1    wreg      void 
 Registers used:
		wreg, status,2, status,0, pclath, cstack
 Tracked objects:
		On entry : 
		On exit  : 
		Unchanged: 
 Data sizes:     COMMON   BANK0   BANK1   BANK2   BANK3   BANK4   BANK5   BANK6   BANK7   BANK8   BANK9  BANK10  BANK11  BANK12
[...]
      Temps:          2       0       0       0       0       0       0       0       0       0       0       0       0       0
      Totals:         6       0       0       0       0       0       0       0       0       0       0       0       0       0
Total ram usage:        6 bytes
 Hardware stack levels used:    1
 Hardware stack levels required when called:    1
 This function calls:
		_USBConfigureEndpoint
 This function is called by:
		_CDCInitEP
 This function uses a non-reentrant model


 *************** function _USBConfigureEndpoint *****************
 Defined at:
		line 1547 in file "mcc_generated_files/usb/usb_device.c"
 Parameters:    Size  Location     Type
  EPNum           1    wreg     unsigned char 
  direction       1    0[COMMON] unsigned char 
 Auto vars:     Size  Location     Type
  EPNum           1    5[COMMON] unsigned char 
  handle          1    6[COMMON] PTR volatile struct __BD
		 -> BDT(48), 
 Return value:  Size  Location     Type
                  1    wreg      void 
 Registers used:
		wreg, fsr1l, fsr1h, status,2, status,0
 Tracked objects:
		On entry : 
		On exit  : 
		Unchanged: 
 Data sizes:     COMMON   BANK0   BANK1   BANK2   BANK3   BANK4   BANK5   BANK6   BANK7   BANK8   BANK9  BANK10  BANK11  BANK12
      Params:         1       0       0       0       0       0       0       0       0       0       0       0       0       0
      Locals:         2       0       0       0       0       0       0       0       0       0       0       0       0       0
      Temps:          4       0       0       0       0       0       0       0       0       0       0       0       0       0
      Totals:         7       0       0       0       0       0       0       0       0       0       0       0       0       0
Total ram usage:        7 bytes
 Hardware stack levels used:    1
 This function calls:
		Nothing
 This function is called by:
		_USBEnableEndpoint
 This function uses a non-reentrant model


 *************** function _USBCtrlTrfOutHandler *****************
 Defined at:
		line 2542 in file "mcc_generated_files/usb/usb_device.c"
 Parameters:    Size  Location     Type
		None
 Auto vars:     Size  Location     Type
		None
 Return value:  Size  Location     Type
                  1    wreg      void 
 Registers used:
		wreg, fsr1l, fsr1h, status,2, status,0, pclath, cstack
 Tracked objects:
		On entry : 
		On exit  : 
		Unchanged: 
 Data sizes:     COMMON   BANK0   BANK1   BANK2   BANK3   BANK4   BANK5   BANK6   BANK7   BANK8   BANK9  BANK10  BANK11  BANK12
      Params:         0       0       0       0       0       0       0       0       0       0       0       0       0       0
      Locals:         0       0       0       0       0       0       0       0       0       0       0       0       0       0
      Temps:          2       0       0       0       0       0       0       0       0       0       0       0       0       0
      Totals:         2       0       0       0       0       0       0       0       0       0       0       0       0       0
Total ram usage:        2 bytes
 Hardware stack levels used:    1
 Hardware stack levels required when called:    2
 This function calls:
		_USBCtrlTrfRxService
 This function is called by:
		_USBCtrlEPService
 This function uses a non-reentrant model


 *************** function _USBCtrlTrfRxService *****************
 Defined at:
		line 1856 in file "mcc_generated_files/usb/usb_device.c"
 Parameters:    Size  Location     Type
		None
 Auto vars:     Size  Location     Type
  byteToRead      1    5[COMMON] unsigned char 
  i               1    4[COMMON] unsigned char 
 Return value:  Size  Location     Type
                  1    wreg      void 
 Registers used:
		wreg, fsr1l, fsr1h, status,2, status,0, pclath, cstack
 Tracked objects:
		On entry : 
		On exit  : 
		Unchanged: 
 Data sizes:     COMMON   BANK0   BANK1   BANK2   BANK3   BANK4   BANK5   BANK6   BANK7   BANK8   BANK9  BANK10  BANK11  BANK12
      Params:         0       0       0       0       0       0       0       0       0       0       0       0       0       0
      Locals:         2       0       0       0       0       0       0       0       0       0       0       0       0       0
      Temps:          2       0       0       0       0       0       0       0       0       0       0       0       0       0
      Totals:         4       0       0       0       0       0       0       0       0       0       0       0       0       0
Total ram usage:        4 bytes
 Hardware stack levels used:    1
 Hardware stack levels required when called:    1
 This function calls:
		_USBCtrlEPAllowStatusStage
 This function is called by:
		_USBCtrlTrfOutHandler
 This function uses a non-reentrant model


 *************** function _USBCtrlEPAllowStatusStage *****************
 Defined at:
		line 1420 in file "mcc_generated_files/usb/usb_device.c"
 Parameters:    Size  Location     Type
		None
 Auto vars:     Size  Location     Type
		None
 Return value:  Size  Location     Type
                  1    wreg      void 
 Registers used:
		wreg, fsr1l, fsr1h, status,2, status,0
 Tracked objects:
		On entry : 
		On exit  : 
		Unchanged: 
 Data sizes:     COMMON   BANK0   BANK1   BANK2   BANK3   BANK4   BANK5   BANK6   BANK7   BANK8   BANK9  BANK10  BANK11  BANK12
      Params:         0       0       0       0       0       0       0       0       0       0       0       0       0       0
      Locals:         0       0       0       0       0       0       0       0       0       0       0       0       0       0
      Temps:          2       0       0       0       0       0       0       0       0       0       0       0       0       0
      Totals:         2       0       0       0       0       0       0       0       0       0       0       0       0       0
Total ram usage:        2 bytes
 Hardware stack levels used:    1
 This function calls:
		Nothing
 This function is called by:
		_USBDeviceTasks
		_USBCtrlEPServiceComplete
		_USBCtrlTrfRxService
 This function uses a non-reentrant model


 *************** function _USBCtrlTrfInHandler *****************
 Defined at:
		line 2596 in file "mcc_generated_files/usb/usb_device.c"
 Parameters:    Size  Location     Type
		None
 Auto vars:     Size  Location     Type
  lastDTS         1    5[COMMON] unsigned char 
 Return value:  Size  Location     Type
                  1    wreg      void 
 Registers used:
		wreg, fsr0l, fsr0h, fsr1l, fsr1h, status,2, status,0, pclath, cstack
 Tracked objects:
		On entry : 
		On exit  : 
		Unchanged: 
 Data sizes:     COMMON   BANK0   BANK1   BANK2   BANK3   BANK4   BANK5   BANK6   BANK7   BANK8   BANK9  BANK10  BANK11  BANK12
      Params:         0       0       0       0       0       0       0       0       0       0       0       0       0       0
      Locals:         1       0       0       0       0       0       0       0       0       0       0       0       0       0
      Temps:          2       0       0       0       0       0       0       0       0       0       0       0       0       0
      Totals:         3       0       0       0       0       0       0       0       0       0       0       0       0       0
Total ram usage:        3 bytes
 Hardware stack levels used:    1
 Hardware stack levels required when called:    1
 This function calls:
		_USBCtrlTrfTxService
 This function is called by:
		_USBCtrlEPService
 This function uses a non-reentrant model


 *************** function _USBCtrlTrfTxService *****************
 Defined at:
		line 1775 in file "mcc_generated_files/usb/usb_device.c"
 Parameters:    Size  Location     Type
		None
 Auto vars:     Size  Location     Type
  byteToSend      1    2[COMMON] unsigned char 
 Return value:  Size  Location     Type
                  1    wreg      void 
 Registers used:
		wreg, fsr0l, fsr0h, fsr1l, fsr1h, status,2, status,0, pclath
 Tracked objects:
		On entry : 
		On exit  : 
		Unchanged: 
 Data sizes:     COMMON   BANK0   BANK1   BANK2   BANK3   BANK4   BANK5   BANK6   BANK7   BANK8   BANK9  BANK10  BANK11  BANK12
      Params:         0       0       0       0       0       0       0       0       0       0       0       0       0       0
      Locals:         1       0       0       0       0       0       0       0       0       0       0       0       0       0
      Temps:          2       0       0       0       0       0       0       0       0       0       0       0       0       0
      Totals:         3       0       0       0       0       0       0       0       0       0       0       0       0       0
Total ram usage:        3 bytes
 Hardware stack levels used:    1
 This function calls:
		Nothing
 This function is called by:
		_USBCtrlEPAllowDataStage
		_USBCtrlTrfInHandler
 This function uses a non-reentrant model


 *************** function _TMR0_ISR *****************
 Defined at:
		line 113 in file "mcc_generated_files/tmr0.c"
 Parameters:    Size  Location     Type
		None
 Auto vars:     Size  Location     Type
		None
 Return value:  Size  Location     Type
                  1    wreg      void 
 Registers used:
		wreg, status,2, status,0, pclath, cstack
 Tracked objects:
		On entry : 
		On exit  : 
		Unchanged: 
 Data sizes:     COMMON   BANK0   BANK1   BANK2   BANK3   BANK4   BANK5   BANK6   BANK7   BANK8   BANK9  BANK10  BANK11  BANK12
      Params:         0       0       0       0       0       0       0       0       0       0       0       0       0       0
      Locals:         0       0       0       0       0       0       0       0       0       0       0       0       0       0
      Temps:          1       0       0       0       0       0       0       0       0       0       0       0       0       0
      Totals:         1       0       0       0       0       0       0       0       0       0       0       0       0       0
Total ram usage:        1 bytes
 Hardware stack levels used:    1
 Hardware stack levels required when called:    1
 This function calls:
		Absolute function
		_TMR0_DefaultInterruptHandler
 This function is called by:
		_INTERRUPT_InterruptManager
 This function uses a non-reentrant model


 *************** function _TMR0_DefaultInterruptHandler *****************
 Defined at:
		line 149 in file "mcc_generated_files/tmr0.c"
 Parameters:    Size  Location     Type
		None
 Auto vars:     Size  Location     Type
		None
 Return value:  Size  Location     Type
                  1    wreg      void 
 Registers used:
		None
 Tracked objects:
		On entry : 
		On exit  : 
		Unchanged: 
 Data sizes:     COMMON   BANK0   BANK1   BANK2   BANK3   BANK4   BANK5   BANK6   BANK7   BANK8   BANK9  BANK10  BANK11  BANK12
      Params:         0       0       0       0       0       0       0       0       0       0       0       0       0       0
      Locals:         0       0       0       0       0       0       0       0       0       0       0       0       0       0
      Temps:          0       0       0       0       0       0       0       0       0       0       0       0       0       0
      Totals:         0       0       0       0       0       0       0       0       0       0       0       0       0       0
Total ram usage:        0 bytes
 Hardware stack levels used:    1
 This function calls:
		Nothing
 This function is called by:
		_TMR0_Initialize
		_TMR0_ISR
 This function uses a non-reentrant model


 *************** function _PIN_MANAGER_IOC *****************
 Defined at:
		line 113 in file "mcc_generated_files/pin_manager.c"
 Parameters:    Size  Location     Type
		None
 Auto vars:     Size  Location     Type
		None
 Return value:  Size  Location     Type
                  1    wreg      void 
 Registers used:
		wreg, status,2, status,0, pclath, cstack
 Tracked objects:
		On entry : 
		On exit  : 
		Unchanged: 
 Data sizes:     COMMON   BANK0   BANK1   BANK2   BANK3   BANK4   BANK5   BANK6   BANK7   BANK8   BANK9  BANK10  BANK11  BANK12
      Params:         0       0       0       0       0       0       0       0       0       0       0       0       0       0
      Locals:         0       0       0       0       0       0       0       0       0       0       0       0       0       0
      Temps:          0       0       0       0       0       0       0       0       0       0       0       0       0       0
      Totals:         0       0       0       0       0       0       0       0       0       0       0       0       0       0
Total ram usage:        0 bytes
 Hardware stack levels used:    1
 Hardware stack levels required when called:    2
 This function calls:
		_IOCAF5_ISR
 This function is called by:
		_INTERRUPT_InterruptManager
 This function uses a non-reentrant model


 *************** function _IOCAF5_ISR *****************
 Defined at:
		line 125 in file "mcc_generated_files/pin_manager.c"
 Parameters:    Size  Location     Type
		None
 Auto vars:     Size  Location     Type
		None
 Return value:  Size  Location     Type
                  1    wreg      void 
 Registers used:
		wreg, status,2, status,0, pclath, cstack
 Tracked objects:
		On entry : 
		On exit  : 
		Unchanged: 
 Data sizes:     COMMON   BANK0   BANK1   BANK2   BANK3   BANK4   BANK5   BANK6   BANK7   BANK8   BANK9  BANK10  BANK11  BANK12
      Params:         0       0       0       0       0       0       0       0       0       0       0       0       0       0
      Locals:         0       0       0       0       0       0       0       0       0       0       0       0       0       0
      Temps:          0       0       0       0       0       0       0       0       0       0       0       0       0       0
      Totals:         0       0       0       0       0       0       0       0       0       0       0       0       0       0
Total ram usage:        0 bytes
 Hardware stack levels used:    1
 Hardware stack levels required when called:    1
 This function calls:
		Absolute function
		_IOCAF5_DefaultInterruptHandler
 This function is called by:
		_PIN_MANAGER_IOC
 This function uses a non-reentrant model


 *************** function _IOCAF5_DefaultInterruptHandler *****************
 Defined at:
		line 147 in file "mcc_generated_files/pin_manager.c"
 Parameters:    Size  Location     Type
		None
 Auto vars:     Size  Location     Type
		None
 Return value:  Size  Location     Type
                  1    wreg      void 
 Registers used:
		None
 Tracked objects:
		On entry : 
		On exit  : 
		Unchanged: 
 Data sizes:     COMMON   BANK0   BANK1   BANK2   BANK3   BANK4   BANK5   BANK6   BANK7   BANK8   BANK9  BANK10  BANK11  BANK12
      Params:         0       0       0       0       0       0       0       0       0       0       0       0       0       0
      Locals:         0       0       0       0       0       0       0       0       0       0       0       0       0       0
      Temps:          0       0       0       0       0       0       0       0       0       0       0       0       0       0
      Totals:         0       0       0       0       0       0       0       0       0       0       0       0       0       0
Total ram usage:        0 bytes
 Hardware stack levels used:    1
 This function calls:
		Nothing
 This function is called by:
		_PIN_MANAGER_Initialize
		_IOCAF5_ISR
 This function uses a non-reentrant model



MODULE INFORMATION

Module		Function		Class		Link	Load	Size
mcc_generated_files/interrupt_manager.c
		_INTERRUPT_InterruptManager		CODE           	0004	0000	46

mcc_generated_files/interrupt_manager.c estimated size: 46

24aa32a.c
		_I2C_MasterSendNack		CODE           	0800	0000	7
		_eeprom_readMem		CODE           	0965	0000	77
		_I2C_WaitForCompletion		CODE           	1606	0000	7
		_I2C_MasterWrite		CODE           	1638	0000	9
		_I2C_MasterStart		CODE           	15FA	0000	6
		_I2C_MasterSendAck		CODE           	160D	0000	7
		_ACK_Poll      		CODE           	1682	0000	16
		_I2C_MasterSetReceive		CODE           	15F4	0000	6
		_I2C_Initialize		CODE           	1641	0000	12
		_eeprom_storeBurstGroup		CODE           	0566	0000	192
		_I2C_MasterStop		CODE           	1600	0000	6

24aa32a.c estimated size: 345

mcc_generated_files/tmr0.c
		_TMR0_SetInterruptHandler		CODE           	162F	0000	9
		_TMR0_DefaultInterruptHandler		CODE           	0003	0000	1
		_TMR0_ISR      		CODE           	091C	0000	73
		_TMR0_Initialize		CODE           	16A8	0000	25

mcc_generated_files/tmr0.c estimated size: 108

mcc_generated_files/pin_manager.c
		_IOCAF5_SetInterruptHandler		CODE           	1626	0000	9
		_PIN_MANAGER_Initialize		CODE           	1782	0000	38
		_IOCAF5_DefaultInterruptHandler		CODE           	0002	0000	1
		_IOCAF5_ISR    		CODE           	1673	0000	15
		_PIN_MANAGER_IOC		CODE           	1614	0000	9

mcc_generated_files/pin_manager.c estimated size: 72

C:\Program Files\Microchip\xc8\v2.31\pic\sources\c99\common\memset.c
		_memset        		CODE           	049C	0000	202

C:\Program Files\Microchip\xc8\v2.31\pic\sources\c99\common\memset.c estimated size: 202

mcc_generated_files/adc.c
		_ADC_Initialize		CODE           	161D	0000	9

mcc_generated_files/adc.c estimated size: 9

mcc_generated_files/usb/usb_device_cdc.c
		_CDCInitEP     		CODE           	0867	0000	56
		_USBCheckCDCRequest		CODE           	0B23	0000	111

mcc_generated_files/usb/usb_device_cdc.c estimated size: 167

shared
		_configDescriptor1		STRCODE        	1000	0000	67
		_USB_CD_Ptr    		STRCODE        	183C	0000	2
		_sd001         		STRCODE        	1043	0000	52
		_sd002         		STRCODE        	1800	0000	22
		i1_USBDeviceInit		CODE           	0F56	0000	170
		_sd003         		STRCODE        	1830	0000	8
		__initialization		CODE           	0034	0000	83
		_device_dsc    		STRCODE        	1816	0000	18
		_USB_SD_Ptr    		STRCODE        	1828	0000	8
		_sd000         		STRCODE        	1838	0000	4

shared estimated size: 434

mcc_generated_files/usb/usb_device_events.c
		_USER_USB_CALLBACK_EVENT_HANDLER		CODE           	0835	0000	50

mcc_generated_files/usb/usb_device_events.c estimated size: 50

mcc_generated_files/mcc.c
		_WDT_Initialize		CODE           	15F0	0000	4
		_OSCILLATOR_Initialize		CODE           	1665	0000	14
		_SYSTEM_Initialize		CODE           	1692	0000	22

mcc_generated_files/mcc.c estimated size: 40

C:\Program Files\Microchip\xc8\v2.31\pic\sources\c99\common\memcpy.c
		_memcpy        		CODE           	0807	0000	46

C:\Program Files\Microchip\xc8\v2.31\pic\sources\c99\common\memcpy.c estimated size: 46

main.c
		_main          		CODE           	17D3	0000	45

main.c estimated size: 45

mcc_generated_files/usb/usb_device.c
		_USBCtrlTrfInHandler		CODE           	0786	0000	122
		_USBTransferOnePacket		CODE           	0C8C	0000	135
		_USBDeviceAttach		CODE           	16DD	0000	30
		_USBStdGetDscHandler		CODE           	0D9B	0000	139
		_USBCtrlEPAllowDataStage		CODE           	0A5C	0000	96
		_USBStdFeatureReqHandler		CODE           	022B	0000	344
		_USBCtrlEPAllowStatusStage		CODE           	0B92	0000	121
		_USBCtrlTrfSetupHandler		CODE           	0A06	0000	86
		_USBCtrlTrfOutHandler		CODE           	089F	0000	58
		_USBCtrlEPServiceComplete		CODE           	0EB3	0000	163
		_USBSuspend    		CODE           	16FB	0000	32
		_USBStdSetCfgHandler		CODE           	0E26	0000	141
		_USBStdGetStatusHandler		CODE           	0ABC	0000	103
		_USBWakeFromSuspend		CODE           	173B	0000	34
		_USBCtrlTrfRxService		CODE           	06D9	0000	173
		_USBCtrlTrfTxService		CODE           	0C0B	0000	129
		_USBEnableEndpoint		CODE           	175D	0000	37
		_USBConfigureEndpoint		CODE           	08D9	0000	67
		_USBDeviceInit 		CODE           	0626	0000	179
		_USBIncrement1msInternalTimers		CODE           	16C1	0000	28
		_USBCtrlEPService		CODE           	09B2	0000	84
		_USBStallHandler		CODE           	17A8	0000	43
		_USBDeviceTasks		CODE           	0383	0000	281
		_USBCheckStdRequest		CODE           	0D13	0000	136

mcc_generated_files/usb/usb_device.c estimated size: 2761

