Microchip MPLAB XC8 Compiler V2.31

Linker command line:

-W-3 --edf=C:\Program Files\Microchip\xc8\v2.31\pic\dat\en_msgs.txt -cn \
  -h+dist/default/production\ee4951_smartshoe.X.production.sym \
  --cmf=dist/default/production\ee4951_smartshoe.X.production.cmf -z \
  -Q16F1459 -oC:\Users\vespi\AppData\Local\Temp\sst8.2 \
  --defsym=__MPLAB_BUILD=1 \
  -Mdist/default/production/ee4951_smartshoe.X.production.map -E1 \
  -ver=XC8 Compiler --acfsm=1493 -ASTACK=020BFh-023EFh -pstack=STACK \
  -ACODE=00h-07FFhx4 -ASTRCODE=00h-01FFFh -ASTRING=00h-0FFhx32 \
  -ACONST=00h-0FFhx32 -AENTRY=00h-0FFhx32 -ACOMMON=070h-07Fh \
  -ABANK0=020h-06Fh -ABANK1=0A0h-0EFh -ABANK2=0120h-016Fh \
  -ABANK3=01A0h-01EFh -ABANK4=0220h-026Fh -ABANK5=02A0h-02EFh \
  -ABANK6=0320h-036Fh -ABANK7=03A0h-03EFh -ABANK8=0420h-046Fh \
  -ABANK9=04A0h-04EFh -ABANK10=0520h-056Fh -ABANK11=05A0h-05EFh \
  -ABANK12=0620h-064Fh -ABIGRAM=02000h-023EFh \
  -ARAM=020h-06Fh,0A0h-0EFh,0120h-016Fh,01A0h-01EFh,0220h-026Fh,02A0h-02EFh,0320h-036Fh,03A0h-03EFh,0420h-046Fh,04A0h-04EFh,0520h-056Fh,05A0h-05EFh,0620h-064Fh \
  -AABS1=020h-07Fh,0A0h-0EFh,0120h-016Fh,01A0h-01EFh,0220h-026Fh,02A0h-02EFh,0320h-036Fh,03A0h-03EFh,0420h-046Fh,04A0h-04EFh,0520h-056Fh,05A0h-05EFh,0620h-064Fh \
  -ASFR0=00h-01Fh -ASFR1=080h-09Fh -ASFR2=0100h-011Fh -ASFR3=0180h-019Fh \
  -ASFR4=0200h-021Fh -ASFR5=0280h-029Fh -ASFR6=0300h-031Fh \
  -ASFR7=0380h-039Fh -ASFR8=0400h-041Fh -ASFR9=0480h-049Fh \
  -ASFR10=0500h-051Fh -ASFR11=0580h-059Fh -ASFR12=0600h-061Fh \
  -ASFR13=0680h-06EFh -ASFR14=0700h-076Fh -ASFR15=0780h-07EFh \
  -ASFR16=0800h-086Fh -ASFR17=0880h-08EFh -ASFR18=0900h-096Fh \
  -ASFR19=0980h-09EFh -ASFR20=0A00h-0A6Fh -ASFR21=0A80h-0AEFh \
  -ASFR22=0B00h-0B6Fh -ASFR23=0B80h-0BEFh -ASFR24=0C00h-0C6Fh \
  -ASFR25=0C80h-0CEFh -ASFR26=0D00h-0D6Fh -ASFR27=0D80h-0DEFh \
  -ASFR28=0E00h-0E6Fh -ASFR29=0E80h-0EEFh -ASFR30=0F00h-0F6Fh \
  -ASFR31=0F80h-0FEFh -ACONFIG=08007h-08008h -DCONFIG=2 \
  -AIDLOC=08000h-08003h -DIDLOC=2 -DCODE=2 -DSTRCODE=2 -DSTRING=2 -DCONST=2 \
  -DENTRY=2 -preset_vec=00h,intentry=04h,init,end_init -ppowerup=CODE \
  -pcinit=CODE -pfunctab=ENTRY -k C:\Users\vespi\AppData\Local\Temp\sst8.o \
  dist/default/production\ee4951_smartshoe.X.production.o 

Object code version is 3.11

Machine type is 16F1459



                Name                               Link     Load   Length Selector   Space Scale
C:\Users\vespi\AppData\Local\Temp\sst8.o
                end_init                             50       50        2        8       0
                reset_vec                             0        0        2        0       0
                config                             8007     8007        2        0       4
dist/default/production\ee4951_smartshoe.X.production.o
                cinit                                52       52       1C        8       0
                intentry                              4        4       4C        8       0
                config                             8007     8007        2        0       4
                text89                             1673     1673        1     2CE6       0
                text88                             1728     1728        F     2E50       0
                text87                             1675     1675        3     2CEA       0
                text86                             1678     1678        3     2CF0       0
                text85                             1746     1746       10     2E8C       0
                text84                              902      902       2A     1204       0
                text83                             170D     170D        D     2E1A       0
                text82                             1756     1756       11     2EAC       0
                text81                             1767     1767       11     2ECE       0
                text80                             1778     1778       11     2EF0       0
                text79                             1789     1789       11     2F12       0
                text78                             17E8     17E8       18     2FD0       0
                text77                              800      800        2      E8C       0
                text76                                2        2        2        0       0
                text75                             167B     167B        3     2CF6       0
                text74                             1687     1687        4     2D0E       0
                text73                             167E     167E        3     2CFC       0
                text72                             168B     168B        4     2D16       0
                text71                             1697     1697        5     2D2E       0
                text70                             16C9     16C9        6     2D92       0
                text69                             1681     1681        3     2D02       0
                text68                              7C9      7C9       2F      E8C       0
                text67                             169C     169C        5     2D38       0
                text66                             16E8     16E8        9     2DD0       0
                text65                              7F8      7F8        8      E8C       0
                text64                              BCA      BCA       57     1794       0
                text63                              AEF      AEF       46     15DE       0
                text62                             16E1     16E1        7     2DC2       0
                text61                             16A1     16A1        5     2D42       0
                text60                             16A6     16A6        5     2D4C       0
                text59                             16AB     16AB        5     2D56       0
                text58                             16B0     16B0        5     2D60       0
                text57                             16B5     16B5        5     2D6A       0
                text56                             16BA     16BA        5     2D74       0
                text55                             16BF     16BF        5     2D7E       0
                text54                             16C4     16C4        5     2D88       0
                text53                              92C      92C       2D     1258       0
                text52                             1684     1684        3     2D08       0
                text51                              9E0      9E0       2E     13C0       0
                text50                             168F     168F        4     2D1E       0
                text49                             1674     1674        1     2CE8       0
                text48                             1737     1737        F     2E6E       0
                text47                             16F1     16F1        9     2DE2       0
                text46                              746      746       83      E8C       0
                text45                              E88      E88       7D     1D10       0
                text44                              E12      E12       76     1C24       0
                text43                              38C      38C       AD        8       0
                text42                              A3C      A3C       39     1478       0
                text41                              D38      D38       6D     1A70       0
                text40                              959      959       2D     12B2       0
                text39                               6E       6E      14E        8       0
                text38                              61F      61F       99        8       0
                text37                              CD6      CD6       62     19AC       0
                text36                              4DD      4DD       A4        8       0
                text35                              F82      F82       7E     1F04       0
                text34                              F05      F05       7D     1E0A       0
                text33                              C7B      C7B       5B     18F6       0
                text32                              581      581       9E        8       0
                text31                              B35      B35       48     166A       0
                text30                              A0E      A0E       2E     141C       0
                text29                              C21      C21       5A     1842       0
                text28                              80C      80C       1C     1018       0
                text27                              986      986       2D     130C       0
                text26                              828      828       1C     1050       0
                text25                              89D      89D       1F     113A       0
                text24                              439      439       A4        8       0
                text23                              1BC      1BC      11F        8       0
                text21                             1703     1703        A     2E06       0
                text20                              802      802        A     1004       0
                text19                              844      844       1D     1088       0
                text18                             17AB     17AB       12     2F56       0
                text17                              861      861       1E     10C2       0
                text16                              87F      87F       1E     10FE       0
                text15                              A75      A75       3A     14EA       0
                text14                             17BD     17BD       15     2F7A       0
                text13                              9B3      9B3       2D     1366       0
                text12                              AAF      AAF       40     155E       0
                text11                              DA5      DA5       6D     1B4A       0
                text10                             16CF     16CF        6     2D9E       0
                text9                              179A     179A       11     2F34       0
                text8                              16FA     16FA        9     2DF4       0
                text7                              171A     171A        E     2E34       0
                text6                              16D5     16D5        6     2DAA       0
                text5                               8DB      8DB       27     11B6       0
                text4                               8BC      8BC       1F     1178       0
                text3                               2DB      2DB       B1        8       0
                text2                              1693     1693        4     2D26       0
                text1                              17D2     17D2       16     2FA4       0
                maintext                            B7D      B7D       4D     16FA       0
                cstackBANK0h                         5B       5B        B       50       1
                cstackCOMMON                         70       70        E       70       1
                cstackBANK1                          DD       DD       10       A0       1
                cstackBANK2                         13D      13D        2      120       1
                clrtext                            16DB     16DB        6     2DB6       0
                bssBANK2                            120      120       1D      120       1
                bssBANK1                             A0       A0       3D       A0       1
                bssBANK0h                            50       50        B       50       1
                nvBANK1                              ED       ED        2       A0       1
                stringtext12                       184A     184A        4     3000       0
                stringtext11                       1842     1842        8     3000       0
                stringtext10                       1828     1828       12     3000       0
                stringtext9                        1816     1816       12     3000       0
                stringtext8                        1800     1800       16     3000       0
                stringtext7                        107C     107C       20     2000       0
                stringtext6                        1034     1034       28     2000       0
                stringtext5                        1000     1000       34     2000       0
                stringtext4                         6B8      6B8       8E      D70       0
                stringtext3                        184E     184E        2     3000       0
                stringtext2                        183A     183A        8     3000       0
                stringtext1                        105C     105C       20     2000       0

TOTAL           Name                               Link     Load   Length     Space
        CLASS   STACK          

        CLASS   CODE           
                end_init                             50       50        2         0
                cinit                                52       52       1C         0
                intentry                              4        4       4C         0
                reset_vec                             0        0        2         0
                text89                             1673     1673        1         0
                text88                             1728     1728        F         0
                text87                             1675     1675        3         0
                text86                             1678     1678        3         0
                text85                             1746     1746       10         0
                text84                              902      902       2A         0
                text83                             170D     170D        D         0
                text82                             1756     1756       11         0
                text81                             1767     1767       11         0
                text80                             1778     1778       11         0
                text79                             1789     1789       11         0
                text78                             17E8     17E8       18         0
                text77                              800      800        2         0
                text76                                2        2        2         0
                text75                             167B     167B        3         0
                text74                             1687     1687        4         0
                text73                             167E     167E        3         0
                text72                             168B     168B        4         0
                text71                             1697     1697        5         0
                text70                             16C9     16C9        6         0
                text69                             1681     1681        3         0
                text68                              7C9      7C9       2F         0
                text67                             169C     169C        5         0
                text66                             16E8     16E8        9         0
                text65                              7F8      7F8        8         0
                text64                              BCA      BCA       57         0
                text63                              AEF      AEF       46         0
                text62                             16E1     16E1        7         0
                text61                             16A1     16A1        5         0
                text60                             16A6     16A6        5         0
                text59                             16AB     16AB        5         0
                text58                             16B0     16B0        5         0
                text57                             16B5     16B5        5         0
                text56                             16BA     16BA        5         0
                text55                             16BF     16BF        5         0
                text54                             16C4     16C4        5         0
                text53                              92C      92C       2D         0
                text52                             1684     1684        3         0
                text51                              9E0      9E0       2E         0
                text50                             168F     168F        4         0
                text49                             1674     1674        1         0
                text48                             1737     1737        F         0
                text47                             16F1     16F1        9         0
                text46                              746      746       83         0
                text45                              E88      E88       7D         0
                text44                              E12      E12       76         0
                text43                              38C      38C       AD         0
                text42                              A3C      A3C       39         0
                text41                              D38      D38       6D         0
                text40                              959      959       2D         0
                text39                               6E       6E      14E         0
                text38                              61F      61F       99         0
                text37                              CD6      CD6       62         0
                text36                              4DD      4DD       A4         0
                text35                              F82      F82       7E         0
                text34                              F05      F05       7D         0
                text33                              C7B      C7B       5B         0
                text32                              581      581       9E         0
                text31                              B35      B35       48         0
                text30                              A0E      A0E       2E         0
                text29                              C21      C21       5A         0
                text28                              80C      80C       1C         0
                text27                              986      986       2D         0
                text26                              828      828       1C         0
                text25                              89D      89D       1F         0
                text24                              439      439       A4         0
                text23                              1BC      1BC      11F         0
                text21                             1703     1703        A         0
                text20                              802      802        A         0
                text19                              844      844       1D         0
                text18                             17AB     17AB       12         0
                text17                              861      861       1E         0
                text16                              87F      87F       1E         0
                text15                              A75      A75       3A         0
                text14                             17BD     17BD       15         0
                text13                              9B3      9B3       2D         0
                text12                              AAF      AAF       40         0
                text11                              DA5      DA5       6D         0
                text10                             16CF     16CF        6         0
                text9                              179A     179A       11         0
                text8                              16FA     16FA        9         0
                text7                              171A     171A        E         0
                text6                              16D5     16D5        6         0
                text5                               8DB      8DB       27         0
                text4                               8BC      8BC       1F         0
                text3                               2DB      2DB       B1         0
                text2                              1693     1693        4         0
                text1                              17D2     17D2       16         0
                maintext                            B7D      B7D       4D         0
                clrtext                            16DB     16DB        6         0

        CLASS   STRCODE        
                stringtext12                       184A     184A        4         0
                stringtext11                       1842     1842        8         0
                stringtext10                       1828     1828       12         0
                stringtext9                        1816     1816       12         0
                stringtext8                        1800     1800       16         0
                stringtext7                        107C     107C       20         0
                stringtext6                        1034     1034       28         0
                stringtext5                        1000     1000       34         0
                stringtext4                         6B8      6B8       8E         0
                stringtext3                        184E     184E        2         0
                stringtext2                        183A     183A        8         0
                stringtext1                        105C     105C       20         0

        CLASS   STRING         

        CLASS   CONST          

        CLASS   ENTRY          

        CLASS   COMMON         
                cstackCOMMON                         70       70        E         1

        CLASS   BANK0          
                cstackBANK0h                         5B       5B        B         1
                bssBANK0h                            50       50        B         1

        CLASS   BANK1          
                cstackBANK1                          DD       DD       10         1
                bssBANK1                             A0       A0       3D         1
                nvBANK1                              ED       ED        2         1

        CLASS   BANK2          
                cstackBANK2                         13D      13D        2         1
                bssBANK2                            120      120       1D         1

        CLASS   BANK3          

        CLASS   BANK4          

        CLASS   BANK5          

        CLASS   BANK6          

        CLASS   BANK7          

        CLASS   BANK8          

        CLASS   BANK9          

        CLASS   BANK10         

        CLASS   BANK11         

        CLASS   BANK12         

        CLASS   BIGRAM         

        CLASS   RAM            

        CLASS   ABS1           
                abs_s1                               20       20       30         1
                abs_s1                               7E       7E        2         1

        CLASS   SFR0           

        CLASS   SFR1           

        CLASS   SFR2           

        CLASS   SFR3           

        CLASS   SFR4           

        CLASS   SFR5           

        CLASS   SFR6           

        CLASS   SFR7           

        CLASS   SFR8           

        CLASS   SFR9           

        CLASS   SFR10          

        CLASS   SFR11          

        CLASS   SFR12          

        CLASS   SFR13          

        CLASS   SFR14          

        CLASS   SFR15          

        CLASS   SFR16          

        CLASS   SFR17          

        CLASS   SFR18          

        CLASS   SFR19          

        CLASS   SFR20          

        CLASS   SFR21          

        CLASS   SFR22          

        CLASS   SFR23          

        CLASS   SFR24          

        CLASS   SFR25          

        CLASS   SFR26          

        CLASS   SFR27          

        CLASS   SFR28          

        CLASS   SFR29          

        CLASS   SFR30          

        CLASS   SFR31          

        CLASS   CONFIG         
                config                             8007     8007        2         4

        CLASS   IDLOC          

        CLASS   BANK31         

        CLASS   BANK30         

        CLASS   BANK29         

        CLASS   BANK28         

        CLASS   BANK27         

        CLASS   BANK26         

        CLASS   BANK25         

        CLASS   BANK24         

        CLASS   BANK23         

        CLASS   BANK22         

        CLASS   BANK21         

        CLASS   BANK20         

        CLASS   BANK19         

        CLASS   BANK18         

        CLASS   BANK17         

        CLASS   BANK16         

        CLASS   BANK15         

        CLASS   BANK14         

        CLASS   BANK13         

        CLASS   EEDATA         



SEGMENTS        Name                           Load    Length   Top    Selector   Space  Class     Delta

                reset_vec                      000000  000004  000004         0       0  CODE        2
                intentry                       000004  0006B4  0006B8         8       0  CODE        2
                bssBANK0h                      000050  000016  000066        50       1  BANK0       1
                cstackCOMMON                   000070  00000E  00007E        70       1  COMMON      1
                bssBANK1                       0000A0  00004F  0000EF        A0       1  BANK1       1
                bssBANK2                       000120  00001F  00013F       120       1  BANK2       1
                stringtext4                    0006B8  00008E  000746       D70       0  STRCODE     2
                text46                         000746  0000BC  000802       E8C       0  CODE        2
                text20                         000802  00000A  00080C      1004       0  CODE        2
                text28                         00080C  00001C  000828      1018       0  CODE        2
                text26                         000828  00001C  000844      1050       0  CODE        2
                text19                         000844  00001D  000861      1088       0  CODE        2
                text17                         000861  00001E  00087F      10C2       0  CODE        2
                text16                         00087F  00001E  00089D      10FE       0  CODE        2
                text25                         00089D  00001F  0008BC      113A       0  CODE        2
                text4                          0008BC  00001F  0008DB      1178       0  CODE        2
                text5                          0008DB  000027  000902      11B6       0  CODE        2
                text84                         000902  00002A  00092C      1204       0  CODE        2
                text53                         00092C  00002D  000959      1258       0  CODE        2
                text40                         000959  00002D  000986      12B2       0  CODE        2
                text27                         000986  00002D  0009B3      130C       0  CODE        2
                text13                         0009B3  00002D  0009E0      1366       0  CODE        2
                text51                         0009E0  00002E  000A0E      13C0       0  CODE        2
                text30                         000A0E  00002E  000A3C      141C       0  CODE        2
                text42                         000A3C  000039  000A75      1478       0  CODE        2
                text15                         000A75  00003A  000AAF      14EA       0  CODE        2
                text12                         000AAF  000040  000AEF      155E       0  CODE        2
                text63                         000AEF  000046  000B35      15DE       0  CODE        2
                text31                         000B35  000048  000B7D      166A       0  CODE        2
                maintext                       000B7D  00004D  000BCA      16FA       0  CODE        2
                text64                         000BCA  000057  000C21      1794       0  CODE        2
                text29                         000C21  00005A  000C7B      1842       0  CODE        2
                text33                         000C7B  00005B  000CD6      18F6       0  CODE        2
                text37                         000CD6  000062  000D38      19AC       0  CODE        2
                text41                         000D38  00006D  000DA5      1A70       0  CODE        2
                text11                         000DA5  00006D  000E12      1B4A       0  CODE        2
                text44                         000E12  000076  000E88      1C24       0  CODE        2
                text45                         000E88  00007D  000F05      1D10       0  CODE        2
                text34                         000F05  00007D  000F82      1E0A       0  CODE        2
                text35                         000F82  00007E  001000      1F04       0  CODE        2
                stringtext5                    001000  00009C  00109C      2000       0  STRCODE     2
                text89                         001673  000001  001674      2CE6       0  CODE        2
                text49                         001674  000001  001675      2CE8       0  CODE        2
                text87                         001675  000003  001678      2CEA       0  CODE        2
                text86                         001678  000003  00167B      2CF0       0  CODE        2
                text75                         00167B  000003  00167E      2CF6       0  CODE        2
                text73                         00167E  000003  001681      2CFC       0  CODE        2
                text69                         001681  000003  001684      2D02       0  CODE        2
                text52                         001684  000003  001687      2D08       0  CODE        2
                text74                         001687  000004  00168B      2D0E       0  CODE        2
                text72                         00168B  000004  00168F      2D16       0  CODE        2
                text50                         00168F  000004  001693      2D1E       0  CODE        2
                text2                          001693  000004  001697      2D26       0  CODE        2
                text71                         001697  000005  00169C      2D2E       0  CODE        2
                text67                         00169C  000005  0016A1      2D38       0  CODE        2
                text61                         0016A1  000005  0016A6      2D42       0  CODE        2
                text60                         0016A6  000005  0016AB      2D4C       0  CODE        2
                text59                         0016AB  000005  0016B0      2D56       0  CODE        2
                text58                         0016B0  000005  0016B5      2D60       0  CODE        2
                text57                         0016B5  000005  0016BA      2D6A       0  CODE        2
                text56                         0016BA  000005  0016BF      2D74       0  CODE        2
                text55                         0016BF  000005  0016C4      2D7E       0  CODE        2
                text54                         0016C4  000005  0016C9      2D88       0  CODE        2
                text70                         0016C9  000006  0016CF      2D92       0  CODE        2
                text10                         0016CF  000006  0016D5      2D9E       0  CODE        2
                text6                          0016D5  000006  0016DB      2DAA       0  CODE        2
                clrtext                        0016DB  000006  0016E1      2DB6       0  CODE        2
                text62                         0016E1  000007  0016E8      2DC2       0  CODE        2
                text66                         0016E8  000009  0016F1      2DD0       0  CODE        2
                text47                         0016F1  000009  0016FA      2DE2       0  CODE        2
                text8                          0016FA  000009  001703      2DF4       0  CODE        2
                text21                         001703  00000A  00170D      2E06       0  CODE        2
                text83                         00170D  00000D  00171A      2E1A       0  CODE        2
                text7                          00171A  00000E  001728      2E34       0  CODE        2
                text88                         001728  00000F  001737      2E50       0  CODE        2
                text48                         001737  00000F  001746      2E6E       0  CODE        2
                text85                         001746  000010  001756      2E8C       0  CODE        2
                text82                         001756  000011  001767      2EAC       0  CODE        2
                text81                         001767  000011  001778      2ECE       0  CODE        2
                text80                         001778  000011  001789      2EF0       0  CODE        2
                text79                         001789  000011  00179A      2F12       0  CODE        2
                text9                          00179A  000011  0017AB      2F34       0  CODE        2
                text18                         0017AB  000012  0017BD      2F56       0  CODE        2
                text14                         0017BD  000015  0017D2      2F7A       0  CODE        2
                text1                          0017D2  000016  0017E8      2FA4       0  CODE        2
                text78                         0017E8  000018  001800      2FD0       0  CODE        2
                stringtext8                    001800  000050  001850      3000       0  STRCODE     2


UNUSED ADDRESS RANGES

        Name                Unused          Largest block    Delta
        BANK0            00066-0006F               A           1
        BANK1            000EF-000EF               1           1
        BANK10           00520-0056F              50           1
        BANK11           005A0-005EF              50           1
        BANK12           00620-0064F              30           1
        BANK2            0013F-0016F              31           1
        BANK3            001A0-001EF              50           1
        BANK4            00220-0026F              50           1
        BANK5            002A0-002EF              50           1
        BANK6            00320-0036F              50           1
        BANK7            003A0-003EF              50           1
        BANK8            00420-0046F              50           1
        BANK9            004A0-004EF              50           1
        BIGRAM           02000-023EF             3F0           1
        CODE             0109C-01672             5D7           2
                         01850-01FFF             7B0
        CONST            0109C-01672             100           2
                         01850-01FFF             100
        ENTRY            0109C-01672             100           2
                         01850-01FFF             100
        IDLOC            08000-08003               4           2
        RAM              00066-0006F               A           1
                         000EF-000EF               1
                         0013F-0016F              31
                         001A0-001EF              50
                         00220-0026F              50
                         002A0-002EF              50
                         00320-0036F              50
                         003A0-003EF              50
                         00420-0046F              50
                         004A0-004EF              50
                         00520-0056F              50
                         005A0-005EF              50
                         00620-0064F              30
        SFR0             00000-0001F              20           1
        SFR1             00080-0009F              20           1
        SFR10            00500-0051F              20           1
        SFR11            00580-0059F              20           1
        SFR12            00600-0061F              20           1
        SFR13            00680-006EF              70           1
        SFR14            00700-0076F              70           1
        SFR15            00780-007EF              70           1
        SFR16            00800-0086F              70           1
        SFR17            00880-008EF              70           1
        SFR18            00900-0096F              70           1
        SFR19            00980-009EF              70           1
        SFR2             00100-0011F              20           1
        SFR20            00A00-00A6F              70           1
        SFR21            00A80-00AEF              70           1
        SFR22            00B00-00B6F              70           1
        SFR23            00B80-00BEF              70           1
        SFR24            00C00-00C6F              70           1
        SFR25            00C80-00CEF              70           1
        SFR26            00D00-00D6F              70           1
        SFR27            00D80-00DEF              70           1
        SFR28            00E00-00E6F              70           1
        SFR29            00E80-00EEF              70           1
        SFR3             00180-0019F              20           1
        SFR30            00F00-00F6F              70           1
        SFR31            00F80-00FEF              70           1
        SFR4             00200-0021F              20           1
        SFR5             00280-0029F              20           1
        SFR6             00300-0031F              20           1
        SFR7             00380-0039F              20           1
        SFR8             00400-0041F              20           1
        SFR9             00480-0049F              20           1
        STACK            020BF-023EF             331           1
        STRCODE          0109C-01672             5D7           2
                         01850-01FFF             7B0
        STRING           0109C-01672             100           2
                         01850-01FFF             100

                                  Symbol Table

ACK_Poll@result                             cstackBANK1  000E3
ADC_SetInterruptHandler@InterruptHandler    cstackBANK1  000DD
I2C_CallbackReturnReset@funPtr              cstackCOMMON 00079
I2C_MasterSendTxData@data                   cstackCOMMON 00070
I2C_SetBuffer@buffer                        cstackCOMMON 00073
I2C_SetBuffer@bufferSize                    cstackCOMMON 00070
I2C_SetCallback@cb                          cstackCOMMON 00070
I2C_SetCallback@idx                         cstackCOMMON 00074
I2C_SetCallback@ptr                         cstackCOMMON 00072
I2C_SetDataCompleteCallback@cb              cstackCOMMON 00075
I2C_SetDataCompleteCallback@ptr             cstackCOMMON 00077
IOCAF5_SetInterruptHandler@InterruptHandler cstackBANK1  000DD
LowDensByteRead@data                        cstackBANK1  000E6
LowDensByteRead@temp_control                cstackBANK1  000E7
LowDensByteWrite@data                       cstackBANK1  000E8
LowDensByteWrite@temp_control               cstackBANK1  000E9
LowDensPageWrite@data                       cstackBANK1  000E9
LowDensPageWrite@i                          cstackBANK1  000EB
LowDensPageWrite@numbytes                   cstackBANK1  000E4
LowDensPageWrite@temp_control               cstackBANK1  000EA
LowDensSequentialRead@data                  cstackBANK1  000E8
LowDensSequentialRead@i                     cstackBANK1  000EA
LowDensSequentialRead@numbytes              cstackBANK1  000E2
LowDensSequentialRead@temp_control          cstackBANK1  000E9
USBCheckVendorRequest@Length                cstackCOMMON 00071
USBCtrlTrfInHandler@lastDTS                 cstackCOMMON 00075
USBCtrlTrfRxService@byteToRead              cstackCOMMON 00075
USBCtrlTrfRxService@i                       cstackCOMMON 00074
USBCtrlTrfTxService@byteToSend              cstackCOMMON 00072
USBDeviceInit@i                             cstackBANK1  000E0
USBDeviceInit@i_1171                        cstackBANK1  000DF
USBDeviceInit@p                             cstackBANK1  000DD
USBDeviceTasks@i                            cstackBANK0h 00064
USBStdFeatureReqHandler@current_ep_data     cstackBANK0h 0005D
USBStdFeatureReqHandler@p                   cstackBANK0h 0005E
USBStdFeatureReqHandler@pUEP                cstackBANK0h 0005B
USBStdGetStatusHandler@p                    cstackCOMMON 00072
USBStdSetCfgHandler@i                       cstackBANK0h 0005E
USBStdSetCfgHandler@i_1885                  cstackBANK0h 0005D
USBStdSetCfgHandler@p                       cstackBANK0h 0005B
USER_USB_CALLBACK_EVENT_HANDLER@event       cstackCOMMON 00073
USER_USB_CALLBACK_EVENT_HANDLER@pdata       cstackCOMMON 00075
USER_USB_CALLBACK_EVENT_HANDLER@size        cstackCOMMON 00077
_ACK_Poll                                   text14       017BD
_ACTCON                                     (abs)        0039B
_ADCON0                                     (abs)        0009D
_ADCON0bits                                 (abs)        0009D
_ADCON1                                     (abs)        0009E
_ADCON2                                     (abs)        0009F
_ADC_DefaultInterruptHandler                text89       01673
_ADC_ISR                                    text88       01728
_ADC_Initialize                             text9        0179A
_ADC_InterruptHandler                       bssBANK1     000B1
_ADC_SetInterruptHandler                    text10       016CF
_ADRESH                                     (abs)        0009C
_ADRESL                                     (abs)        0009B
_ANSELA                                     (abs)        0018C
_ANSELB                                     (abs)        0018D
_ANSELC                                     (abs)        0018E
_APFCON                                     (abs)        0011D
_BDT                                        (abs)        00020
_BORCON                                     (abs)        00116
_BothEP0OutUOWNsSet                         bssBANK1     000C1
_CompatIDFeatureDescriptor                  stringtext6  01034
_CtrlTrfData                                (abs)        00048
_ExtPropertyFeatureDescriptor               stringtext4  006B8
_I2C_CallbackReturnReset                    text76       00002
_I2C_CallbackReturnStop                     text77       00800
_I2C_DO_ADDRESS_NACK                        text53       0092C
_I2C_DO_IDLE                                text67       0169C
_I2C_DO_RCEN                                text62       016E1
_I2C_DO_RESET                               text54       016C4
_I2C_DO_RX                                  text63       00AEF
_I2C_DO_RX_ACK                              text57       016B5
_I2C_DO_RX_NACK_RESTART                     text55       016BF
_I2C_DO_RX_NACK_STOP                        text56       016BA
_I2C_DO_SEND_ADR_READ                       text66       016E8
_I2C_DO_SEND_ADR_WRITE                      text65       007F8
_I2C_DO_SEND_RESTART                        text59       016AB
_I2C_DO_SEND_RESTART_READ                   text61       016A1
_I2C_DO_SEND_RESTART_WRITE                  text60       016A6
_I2C_DO_SEND_STOP                           text58       016B0
_I2C_DO_TX                                  text64       00BCA
_I2C_DO_TX_EMPTY                            text68       007C9
_I2C_Initialize                             text8        016FA
_I2C_MasterClearIrq                         text52       01684
_I2C_MasterEnableRestart                    text87       01675
_I2C_MasterFsm                              text51       009E0
_I2C_MasterGetRxData                        text73       0167E
_I2C_MasterIsNack                           text70       016C9
_I2C_MasterIsr                              text50       0168F
_I2C_MasterSendAck                          text72       0168B
_I2C_MasterSendNack                         text74       01687
_I2C_MasterSendTxData                       text71       01697
_I2C_MasterSetIrq                           text69       01681
_I2C_MasterStartRx                          text75       0167B
_I2C_MasterStop                             text86       01678
_I2C_SetBuffer                              text85       01746
_I2C_SetCallback                            text84       00902
_I2C_SetDataCompleteCallback                text83       0170D
_I2C_Status                                 bssBANK2     00120
_INTCONbits                                 (abs)        0000B
_INTERRUPT_InterruptManager                 intentry     00004
_IOCAF5_DefaultInterruptHandler             text49       01674
_IOCAF5_ISR                                 text48       01737
_IOCAF5_InterruptHandler                    nvBANK1      000ED
_IOCAF5_SetInterruptHandler                 text6        016D5
_IOCAFbits                                  (abs)        00393
_IOCANbits                                  (abs)        00392
_IOCAPbits                                  (abs)        00391
_LATA                                       (abs)        0010C
_LATB                                       (abs)        0010D
_LATC                                       (abs)        0010E
_LowDensByteRead                            text15       00A75
_LowDensByteWrite                           text13       009B3
_LowDensPageWrite                           text12       00AAF
_LowDensSequentialRead                      text11       00DA5
_MSOSDescriptor                             stringtext9  01816
_MSSP_InterruptHandler                      bssBANK1     000B7
_OPTION_REGbits                             (abs)        00095
_OSCCON                                     (abs)        00099
_OSCILLATOR_Initialize                      text7        0171A
_OSCTUNE                                    (abs)        00098
_PIE1bits                                   (abs)        00091
_PIE2bits                                   (abs)        00092
_PIN_MANAGER_IOC                            text47       016F1
_PIN_MANAGER_Initialize                     text5        008DB
_PIR1bits                                   (abs)        00011
_PIR2bits                                   (abs)        00012
_PLLRDY                                     (abs)        004D6
_PMADRH                                     (abs)        00192
_PMADRL                                     (abs)        00191
_PMCON1bits                                 (abs)        00195
_PMCON2                                     (abs)        00196
_PMDATH                                     (abs)        00194
_PMDATL                                     (abs)        00193
_PORTBbits                                  (abs)        0000D
_RemoteWakeup                               bssBANK1     000C4
_SSP1ADD                                    (abs)        00212
_SSP1BUF                                    (abs)        00211
_SSP1CON1                                   (abs)        00215
_SSP1CON1bits                               (abs)        00215
_SSP1CON2                                   (abs)        00216
_SSP1CON2bits                               (abs)        00216
_SSP1STAT                                   (abs)        00214
_SSP1STATbits                               (abs)        00214
_SYSTEM_Initialize                          text1        017D2
_SetupPkt                                   (abs)        00040
_TRISA                                      (abs)        0008C
_TRISB                                      (abs)        0008D
_TRISBbits                                  (abs)        0008D
_TRISC                                      (abs)        0008E
_UADDR                                      (abs)        00E96
_UCFG                                       (abs)        00E91
_UCON                                       (abs)        00E8E
_UCONbits                                   (abs)        00E8E
_UEIE                                       (abs)        00E97
_UEIR                                       (abs)        00E93
_UEP0                                       (abs)        00E98
_UEP0bits                                   (abs)        00E98
_UEP1                                       (abs)        00E99
_UIE                                        (abs)        00E92
_UIEbits                                    (abs)        00E92
_UIR                                        (abs)        00E90
_UIRbits                                    (abs)        00E90
_USB1msTickCount                            bssBANK1     000A7
_USBActiveConfiguration                     bssBANK1     000DC
_USBAlternateInterface                      bssBANK1     000DB
_USBBusIsSuspended                          bssBANK1     000C3
_USBCheckStdRequest                         text34       00F05
_USBCheckVendorRequest                      text41       00D38
_USBCtrlEPAllowDataStage                    text33       00C7B
_USBCtrlEPAllowStatusStage                  text44       00E12
_USBCtrlEPService                           text29       00C21
_USBCtrlEPServiceComplete                   text32       00581
_USBCtrlTrfInHandler                        text45       00E88
_USBCtrlTrfOutHandler                       text42       00A3C
_USBCtrlTrfRxService                        text43       0038C
_USBCtrlTrfSetupHandler                     text31       00B35
_USBCtrlTrfTxService                        text46       00746
_USBDeferINDataStagePackets                 bssBANK1     000BC
_USBDeferOUTDataStagePackets                bssBANK1     000BB
_USBDeferStatusStagePacket                  bssBANK1     000BF
_USBDeviceAttach                            text4        008BC
_USBDeviceInit                              text3        002DB
_USBDeviceState                             bssBANK1     000C9
_USBDeviceTasks                             text23       001BC
_USBIncrement1msInternalTimers              text28       0080C
_USBStallHandler                            text27       00986
_USBStatusStageEnabledFlag1                 bssBANK1     000BE
_USBStatusStageEnabledFlag2                 bssBANK1     000BD
_USBStatusStageTimeoutCounter               bssBANK1     000C0
_USBStdFeatureReqHandler                    text39       0006E
_USBStdGetDscHandler                        text38       0061F
_USBStdGetStatusHandler                     text37       00CD6
_USBStdSetCfgHandler                        text35       00F82
_USBSuspend                                 text26       00828
_USBTicksSinceSuspendEnd                    bssBANK1     000BA
_USBWakeFromSuspend                         text25       0089D
_USB_CD_Ptr                                 stringtext3  0184E
_USB_SD_Ptr                                 stringtext2  0183A
_USER_USB_CALLBACK_EVENT_HANDLER            text40       00959
_USTAT                                      (abs)        00E8F
_USTATcopy                                  bssBANK1     000DA
_WDTCON                                     (abs)        00097
_WDT_Initialize                             text2        01693
_WPUA                                       (abs)        0020C
_WPUB                                       (abs)        0020D
__Habs1                                     abs1         00000
__Hbank0                                    bank0        00000
__Hbank1                                    bank1        00000
__Hbank10                                   bank10       00000
__Hbank11                                   bank11       00000
__Hbank12                                   bank12       00000
__Hbank13                                   bank13       00000
__Hbank14                                   bank14       00000
__Hbank15                                   bank15       00000
__Hbank16                                   bank16       00000
__Hbank17                                   bank17       00000
__Hbank18                                   bank18       00000
__Hbank19                                   bank19       00000
__Hbank2                                    bank2        00000
__Hbank20                                   bank20       00000
__Hbank21                                   bank21       00000
__Hbank22                                   bank22       00000
__Hbank23                                   bank23       00000
__Hbank24                                   bank24       00000
__Hbank25                                   bank25       00000
__Hbank26                                   bank26       00000
__Hbank27                                   bank27       00000
__Hbank28                                   bank28       00000
__Hbank29                                   bank29       00000
__Hbank3                                    bank3        00000
__Hbank30                                   bank30       00000
__Hbank31                                   bank31       00000
__Hbank4                                    bank4        00000
__Hbank5                                    bank5        00000
__Hbank6                                    bank6        00000
__Hbank7                                    bank7        00000
__Hbank8                                    bank8        00000
__Hbank9                                    bank9        00000
__Hbigram                                   bigram       00000
__HbssBANK0h                                bssBANK0h    00000
__HbssBANK1                                 bssBANK1     00000
__HbssBANK2                                 bssBANK2     00000
__Hcinit                                    cinit        0006E
__Hclrtext                                  clrtext      00000
__Hcode                                     code         00000
__Hcommon                                   common       00000
__Hconfig                                   config       08009
__HcstackBANK0h                             cstackBANK0h 00000
__HcstackBANK1                              cstackBANK1  00000
__HcstackBANK2                              cstackBANK2  00000
__HcstackCOMMON                             cstackCOMMON 00000
__Heeprom_data                              eeprom_data  00000
__Hend_init                                 end_init     00052
__Hfunctab                                  functab      00000
__Hinit                                     init         00050
__Hintentry                                 intentry     00050
__Hmaintext                                 maintext     00000
__HnvBANK1                                  nvBANK1      00000
__Hpowerup                                  powerup      00000
__Hram                                      ram          00000
__Hreset_vec                                reset_vec    00002
__Hsfr0                                     sfr0         00000
__Hsfr1                                     sfr1         00000
__Hsfr10                                    sfr10        00000
__Hsfr11                                    sfr11        00000
__Hsfr12                                    sfr12        00000
__Hsfr13                                    sfr13        00000
__Hsfr14                                    sfr14        00000
__Hsfr15                                    sfr15        00000
__Hsfr16                                    sfr16        00000
__Hsfr17                                    sfr17        00000
__Hsfr18                                    sfr18        00000
__Hsfr19                                    sfr19        00000
__Hsfr2                                     sfr2         00000
__Hsfr20                                    sfr20        00000
__Hsfr21                                    sfr21        00000
__Hsfr22                                    sfr22        00000
__Hsfr23                                    sfr23        00000
__Hsfr24                                    sfr24        00000
__Hsfr25                                    sfr25        00000
__Hsfr26                                    sfr26        00000
__Hsfr27                                    sfr27        00000
__Hsfr28                                    sfr28        00000
__Hsfr29                                    sfr29        00000
__Hsfr3                                     sfr3         00000
__Hsfr30                                    sfr30        00000
__Hsfr31                                    sfr31        00000
__Hsfr4                                     sfr4         00000
__Hsfr5                                     sfr5         00000
__Hsfr6                                     sfr6         00000
__Hsfr7                                     sfr7         00000
__Hsfr8                                     sfr8         00000
__Hsfr9                                     sfr9         00000
__Hspace_0                                  (abs)        01850
__Hspace_1                                  (abs)        0013F
__Hspace_2                                  (abs)        00000
__Hspace_3                                  (abs)        00000
__Hspace_4                                  (abs)        10010
__Hstack                                    stack        00000
__Hstrings                                  strings      00000
__Hstringtext1                              stringtext1  00000
__Hstringtext10                             stringtext10 00000
__Hstringtext11                             stringtext11 00000
__Hstringtext12                             stringtext12 00000
__Hstringtext2                              stringtext2  00000
__Hstringtext3                              stringtext3  00000
__Hstringtext4                              stringtext4  00000
__Hstringtext5                              stringtext5  00000
__Hstringtext6                              stringtext6  00000
__Hstringtext7                              stringtext7  00000
__Hstringtext8                              stringtext8  00000
__Hstringtext9                              stringtext9  00000
__Htext                                     text         00000
__Labs1                                     abs1         00000
__Lbank0                                    bank0        00000
__Lbank1                                    bank1        00000
__Lbank10                                   bank10       00000
__Lbank11                                   bank11       00000
__Lbank12                                   bank12       00000
__Lbank13                                   bank13       00000
__Lbank14                                   bank14       00000
__Lbank15                                   bank15       00000
__Lbank16                                   bank16       00000
__Lbank17                                   bank17       00000
__Lbank18                                   bank18       00000
__Lbank19                                   bank19       00000
__Lbank2                                    bank2        00000
__Lbank20                                   bank20       00000
__Lbank21                                   bank21       00000
__Lbank22                                   bank22       00000
__Lbank23                                   bank23       00000
__Lbank24                                   bank24       00000
__Lbank25                                   bank25       00000
__Lbank26                                   bank26       00000
__Lbank27                                   bank27       00000
__Lbank28                                   bank28       00000
__Lbank29                                   bank29       00000
__Lbank3                                    bank3        00000
__Lbank30                                   bank30       00000
__Lbank31                                   bank31       00000
__Lbank4                                    bank4        00000
__Lbank5                                    bank5        00000
__Lbank6                                    bank6        00000
__Lbank7                                    bank7        00000
__Lbank8                                    bank8        00000
__Lbank9                                    bank9        00000
__Lbigram                                   bigram       00000
__LbssBANK0h                                bssBANK0h    00000
__LbssBANK1                                 bssBANK1     00000
__LbssBANK2                                 bssBANK2     00000
__Lcinit                                    cinit        00052
__Lclrtext                                  clrtext      00000
__Lcode                                     code         00000
__Lcommon                                   common       00000
__Lconfig                                   config       00000
__LcstackBANK0h                             cstackBANK0h 00000
__LcstackBANK1                              cstackBANK1  00000
__LcstackBANK2                              cstackBANK2  00000
__LcstackCOMMON                             cstackCOMMON 00000
__Leeprom_data                              eeprom_data  00000
__Lend_init                                 end_init     00050
__Lfunctab                                  functab      00000
__Linit                                     init         00050
__Lintentry                                 intentry     00004
__Lmaintext                                 maintext     00000
__LnvBANK1                                  nvBANK1      00000
__Lpowerup                                  powerup      00000
__Lram                                      ram          00000
__Lreset_vec                                reset_vec    00000
__Lsfr0                                     sfr0         00000
__Lsfr1                                     sfr1         00000
__Lsfr10                                    sfr10        00000
__Lsfr11                                    sfr11        00000
__Lsfr12                                    sfr12        00000
__Lsfr13                                    sfr13        00000
__Lsfr14                                    sfr14        00000
__Lsfr15                                    sfr15        00000
__Lsfr16                                    sfr16        00000
__Lsfr17                                    sfr17        00000
__Lsfr18                                    sfr18        00000
__Lsfr19                                    sfr19        00000
__Lsfr2                                     sfr2         00000
__Lsfr20                                    sfr20        00000
__Lsfr21                                    sfr21        00000
__Lsfr22                                    sfr22        00000
__Lsfr23                                    sfr23        00000
__Lsfr24                                    sfr24        00000
__Lsfr25                                    sfr25        00000
__Lsfr26                                    sfr26        00000
__Lsfr27                                    sfr27        00000
__Lsfr28                                    sfr28        00000
__Lsfr29                                    sfr29        00000
__Lsfr3                                     sfr3         00000
__Lsfr30                                    sfr30        00000
__Lsfr31                                    sfr31        00000
__Lsfr4                                     sfr4         00000
__Lsfr5                                     sfr5         00000
__Lsfr6                                     sfr6         00000
__Lsfr7                                     sfr7         00000
__Lsfr8                                     sfr8         00000
__Lsfr9                                     sfr9         00000
__Lspace_0                                  (abs)        00000
__Lspace_1                                  (abs)        00000
__Lspace_2                                  (abs)        00000
__Lspace_3                                  (abs)        00000
__Lspace_4                                  (abs)        00000
__Lstack                                    stack        00000
__Lstrings                                  strings      00000
__Lstringtext1                              stringtext1  00000
__Lstringtext10                             stringtext10 00000
__Lstringtext11                             stringtext11 00000
__Lstringtext12                             stringtext12 00000
__Lstringtext2                              stringtext2  00000
__Lstringtext3                              stringtext3  00000
__Lstringtext4                              stringtext4  00000
__Lstringtext5                              stringtext5  00000
__Lstringtext6                              stringtext6  00000
__Lstringtext7                              stringtext7  00000
__Lstringtext8                              stringtext8  00000
__Lstringtext9                              stringtext9  00000
__Ltext                                     text         00000
__S0                                        (abs)        01850
__S1                                        (abs)        0013F
__S2                                        (abs)        00000
___int_sp                                   stack        00000
___latbits                                  (abs)        00002
___sp                                       stack        00000
___stackhi                                  (abs)        023EF
___stacklo                                  (abs)        020BF
__end_of_ACK_Poll                           text14       017D2
__end_of_ADC_DefaultInterruptHandler        text89       01674
__end_of_ADC_ISR                            text88       01737
__end_of_ADC_Initialize                     text9        017AB
__end_of_ADC_SetInterruptHandler            text10       016D5
__end_of_CompatIDFeatureDescriptor          stringtext6  0105C
__end_of_ExtPropertyFeatureDescriptor       stringtext4  00746
__end_of_I2C_CallbackReturnReset            text76       00004
__end_of_I2C_CallbackReturnStop             text77       00802
__end_of_I2C_DO_ADDRESS_NACK                text53       00959
__end_of_I2C_DO_IDLE                        text67       016A1
__end_of_I2C_DO_RCEN                        text62       016E8
__end_of_I2C_DO_RESET                       text54       016C9
__end_of_I2C_DO_RX                          text63       00B35
__end_of_I2C_DO_RX_ACK                      text57       016BA
__end_of_I2C_DO_RX_NACK_RESTART             text55       016C4
__end_of_I2C_DO_RX_NACK_STOP                text56       016BF
__end_of_I2C_DO_SEND_ADR_READ               text66       016F1
__end_of_I2C_DO_SEND_ADR_WRITE              text65       00800
__end_of_I2C_DO_SEND_RESTART                text59       016B0
__end_of_I2C_DO_SEND_RESTART_READ           text61       016A6
__end_of_I2C_DO_SEND_RESTART_WRITE          text60       016AB
__end_of_I2C_DO_SEND_STOP                   text58       016B5
__end_of_I2C_DO_TX                          text64       00C21
__end_of_I2C_DO_TX_EMPTY                    text68       007F8
__end_of_I2C_Initialize                     text8        01703
__end_of_I2C_MasterClearIrq                 text52       01687
__end_of_I2C_MasterEnableRestart            text87       01678
__end_of_I2C_MasterFsm                      text51       00A0E
__end_of_I2C_MasterGetRxData                text73       01681
__end_of_I2C_MasterIsNack                   text70       016CF
__end_of_I2C_MasterIsr                      text50       01693
__end_of_I2C_MasterSendAck                  text72       0168F
__end_of_I2C_MasterSendNack                 text74       0168B
__end_of_I2C_MasterSendTxData               text71       0169C
__end_of_I2C_MasterSetIrq                   text69       01684
__end_of_I2C_MasterStartRx                  text75       0167E
__end_of_I2C_MasterStop                     text86       0167B
__end_of_I2C_SetBuffer                      text85       01756
__end_of_I2C_SetCallback                    text84       0092C
__end_of_I2C_SetDataCompleteCallback        text83       0171A
__end_of_INTERRUPT_InterruptManager         intentry     00050
__end_of_IOCAF5_DefaultInterruptHandler     text49       01675
__end_of_IOCAF5_ISR                         text48       01746
__end_of_IOCAF5_SetInterruptHandler         text6        016DB
__end_of_LowDensByteRead                    text15       00AAF
__end_of_LowDensByteWrite                   text13       009E0
__end_of_LowDensPageWrite                   text12       00AEF
__end_of_LowDensSequentialRead              text11       00E12
__end_of_MSOSDescriptor                     stringtext9  01828
__end_of_OSCILLATOR_Initialize              text7        01728
__end_of_PIN_MANAGER_IOC                    text47       016FA
__end_of_PIN_MANAGER_Initialize             text5        00902
__end_of_SYSTEM_Initialize                  text1        017E8
__end_of_USBCheckStdRequest                 text34       00F82
__end_of_USBCheckVendorRequest              text41       00DA5
__end_of_USBCtrlEPAllowDataStage            text33       00CD6
__end_of_USBCtrlEPAllowStatusStage          text44       00E88
__end_of_USBCtrlEPService                   text29       00C7B
__end_of_USBCtrlEPServiceComplete           text32       0061F
__end_of_USBCtrlTrfInHandler                text45       00F05
__end_of_USBCtrlTrfOutHandler               text42       00A75
__end_of_USBCtrlTrfRxService                text43       00439
__end_of_USBCtrlTrfSetupHandler             text31       00B7D
__end_of_USBCtrlTrfTxService                text46       007C9
__end_of_USBDeviceAttach                    text4        008DB
__end_of_USBDeviceInit                      text3        0038C
__end_of_USBDeviceTasks                     text23       002DB
__end_of_USBIncrement1msInternalTimers      text28       00828
__end_of_USBStallHandler                    text27       009B3
__end_of_USBStdFeatureReqHandler            text39       001BC
__end_of_USBStdGetDscHandler                text38       006B8
__end_of_USBStdGetStatusHandler             text37       00D38
__end_of_USBStdSetCfgHandler                text35       01000
__end_of_USBSuspend                         text26       00844
__end_of_USBWakeFromSuspend                 text25       008BC
__end_of_USB_CD_Ptr                         stringtext3  01850
__end_of_USB_SD_Ptr                         stringtext2  01842
__end_of_USER_USB_CALLBACK_EVENT_HANDLER    text40       00986
__end_of_WDT_Initialize                     text2        01697
__end_of__initialization                    cinit        0006A
__end_of_bit_in                             text19       00861
__end_of_bit_out                            text18       017BD
__end_of_bstart                             text21       0170D
__end_of_bstop                              text20       0080C
__end_of_byte_in                            text17       0087F
__end_of_byte_out                           text16       0089D
__end_of_configDescriptor1                  stringtext7  0109C
__end_of_device_dsc                         stringtext10 0183A
__end_of_i2c_fsmStateTable                  stringtext1  0107C
__end_of_main                               maintext     00BCA
__end_of_memcpy                             text30       00A3C
__end_of_memset                             text36       00581
__end_of_rd1RegCompleteHandler              text81       01778
__end_of_rd2RegCompleteHandler              text80       01789
__end_of_rdBlkRegCompleteHandler            text78       01800
__end_of_sd000                              stringtext12 0184E
__end_of_sd001                              stringtext5  01034
__end_of_sd002                              stringtext8  01816
__end_of_sd003                              stringtext11 0184A
__end_of_wr1RegCompleteHandler              text79       0179A
__end_of_wr2RegCompleteHandler              text82       01767
__end_ofi1_USBDeviceInit                    text24       004DD
__initialization                            cinit        00052
__pbssBANK0h                                bssBANK0h    00050
__pbssBANK1                                 bssBANK1     000A0
__pbssBANK2                                 bssBANK2     00120
__pcstackBANK0h                             cstackBANK0h 0005B
__pcstackBANK1                              cstackBANK1  000DD
__pcstackBANK2                              cstackBANK2  0013D
__pcstackCOMMON                             cstackCOMMON 00070
__pintentry                                 intentry     00004
__pmaintext                                 maintext     00B7D
__pnvBANK1                                  nvBANK1      000ED
__pstringtext1                              stringtext1  0105C
__pstringtext10                             stringtext10 01828
__pstringtext11                             stringtext11 01842
__pstringtext12                             stringtext12 0184A
__pstringtext2                              stringtext2  0183A
__pstringtext3                              stringtext3  0184E
__pstringtext4                              stringtext4  006B8
__pstringtext5                              stringtext5  01000
__pstringtext6                              stringtext6  01034
__pstringtext7                              stringtext7  0107C
__pstringtext8                              stringtext8  01800
__pstringtext9                              stringtext9  01816
__ptext1                                    text1        017D2
__ptext10                                   text10       016CF
__ptext11                                   text11       00DA5
__ptext12                                   text12       00AAF
__ptext13                                   text13       009B3
__ptext14                                   text14       017BD
__ptext15                                   text15       00A75
__ptext16                                   text16       0087F
__ptext17                                   text17       00861
__ptext18                                   text18       017AB
__ptext19                                   text19       00844
__ptext2                                    text2        01693
__ptext20                                   text20       00802
__ptext21                                   text21       01703
__ptext23                                   text23       001BC
__ptext24                                   text24       00439
__ptext25                                   text25       0089D
__ptext26                                   text26       00828
__ptext27                                   text27       00986
__ptext28                                   text28       0080C
__ptext29                                   text29       00C21
__ptext3                                    text3        002DB
__ptext30                                   text30       00A0E
__ptext31                                   text31       00B35
__ptext32                                   text32       00581
__ptext33                                   text33       00C7B
__ptext34                                   text34       00F05
__ptext35                                   text35       00F82
__ptext36                                   text36       004DD
__ptext37                                   text37       00CD6
__ptext38                                   text38       0061F
__ptext39                                   text39       0006E
__ptext4                                    text4        008BC
__ptext40                                   text40       00959
__ptext41                                   text41       00D38
__ptext42                                   text42       00A3C
__ptext43                                   text43       0038C
__ptext44                                   text44       00E12
__ptext45                                   text45       00E88
__ptext46                                   text46       00746
__ptext47                                   text47       016F1
__ptext48                                   text48       01737
__ptext49                                   text49       01674
__ptext5                                    text5        008DB
__ptext50                                   text50       0168F
__ptext51                                   text51       009E0
__ptext52                                   text52       01684
__ptext53                                   text53       0092C
__ptext54                                   text54       016C4
__ptext55                                   text55       016BF
__ptext56                                   text56       016BA
__ptext57                                   text57       016B5
__ptext58                                   text58       016B0
__ptext59                                   text59       016AB
__ptext6                                    text6        016D5
__ptext60                                   text60       016A6
__ptext61                                   text61       016A1
__ptext62                                   text62       016E1
__ptext63                                   text63       00AEF
__ptext64                                   text64       00BCA
__ptext65                                   text65       007F8
__ptext66                                   text66       016E8
__ptext67                                   text67       0169C
__ptext68                                   text68       007C9
__ptext69                                   text69       01681
__ptext7                                    text7        0171A
__ptext70                                   text70       016C9
__ptext71                                   text71       01697
__ptext72                                   text72       0168B
__ptext73                                   text73       0167E
__ptext74                                   text74       01687
__ptext75                                   text75       0167B
__ptext76                                   text76       00002
__ptext77                                   text77       00800
__ptext78                                   text78       017E8
__ptext79                                   text79       01789
__ptext8                                    text8        016FA
__ptext80                                   text80       01778
__ptext81                                   text81       01767
__ptext82                                   text82       01756
__ptext83                                   text83       0170D
__ptext84                                   text84       00902
__ptext85                                   text85       01746
__ptext86                                   text86       01678
__ptext87                                   text87       01675
__ptext88                                   text88       01728
__ptext89                                   text89       01673
__ptext9                                    text9        0179A
__size_of_ACK_Poll                          (abs)        00000
__size_of_ADC_DefaultInterruptHandler       (abs)        00000
[...]
		_I2C_SetBuffer
		_I2C_SetDataCompleteCallback
 This function is called by:
		_I2C_Read1ByteRegister
		_I2C_DO_TX
		_I2C_DO_RX
		_I2C_DO_TX_EMPTY
		_I2C_DO_ADDRESS_NACK
		_I2C_DO_RX_EMPTY
 This function uses a non-reentrant model


 *************** function _wr2RegCompleteHandler *****************
 Defined at:
		line 163 in file "mcc_generated_files/examples/i2c_master_example.c"
 Parameters:    Size  Location     Type
  ptr             1    9[COMMON] PTR void 
		 -> I2C_ReadDataBlock@bufferBlock(3), I2C_Write2ByteRegister@data(2), I2C_Write1ByteRegister@data(1), I2C_Read2ByteRegister@returnValue(2), 
		 -> NULL(0), I2C_Read1ByteRegister@returnValue(1), 
 Auto vars:     Size  Location     Type
		None
 Return value:  Size  Location     Type
                  1    wreg      enum E360
 Registers used:
		wreg, fsr1l, fsr1h, status,2, status,0, pclath, cstack
 Tracked objects:
		On entry : 
		On exit  : 
		Unchanged: 
 Data sizes:     COMMON  BANK0h   BANK1   BANK2   BANK3   BANK4   BANK5   BANK6   BANK7   BANK8   BANK9  BANK10  BANK11  BANK12
      Params:         1       0       0       0       0       0       0       0       0       0       0       0       0       0
      Locals:         0       0       0       0       0       0       0       0       0       0       0       0       0       0
      Temps:          0       0       0       0       0       0       0       0       0       0       0       0       0       0
      Totals:         1       0       0       0       0       0       0       0       0       0       0       0       0       0
Total ram usage:        1 bytes
 Hardware stack levels used:    1
 Hardware stack levels required when called:    2
 This function calls:
		_I2C_SetBuffer
		_I2C_SetDataCompleteCallback
 This function is called by:
		_I2C_Write2ByteRegister
		_I2C_DO_TX
		_I2C_DO_RX
		_I2C_DO_TX_EMPTY
		_I2C_DO_ADDRESS_NACK
		_I2C_DO_RX_EMPTY
 This function uses a non-reentrant model


 *************** function _I2C_SetDataCompleteCallback *****************
 Defined at:
		line 274 in file "mcc_generated_files/i2c_master.c"
 Parameters:    Size  Location     Type
  cb              2    5[COMMON] PTR FTN(PTR void ,)enum 
		 -> Absolute function(1), rdBlkRegCompleteHandler(1), wr2RegCompleteHandler(1), wr1RegCompleteHandler(1), 
		 -> rd2RegCompleteHandler(1), rd1RegCompleteHandler(1), 
  ptr             1    7[COMMON] PTR void 
		 -> I2C_ReadDataBlock@bufferBlock(3), I2C_Write2ByteRegister@data(2), I2C_Write1ByteRegister@data(1), I2C_Read2ByteRegister@returnValue(2), 
		 -> NULL(0), I2C_Read1ByteRegister@returnValue(1), 
 Auto vars:     Size  Location     Type
		None
 Return value:  Size  Location     Type
                  1    wreg      void 
 Registers used:
		wreg, fsr1l, fsr1h, status,2, status,0, pclath, cstack
 Tracked objects:
		On entry : 
		On exit  : 
		Unchanged: 
 Data sizes:     COMMON  BANK0h   BANK1   BANK2   BANK3   BANK4   BANK5   BANK6   BANK7   BANK8   BANK9  BANK10  BANK11  BANK12
      Params:         3       0       0       0       0       0       0       0       0       0       0       0       0       0
      Locals:         0       0       0       0       0       0       0       0       0       0       0       0       0       0
      Temps:          1       0       0       0       0       0       0       0       0       0       0       0       0       0
      Totals:         4       0       0       0       0       0       0       0       0       0       0       0       0       0
Total ram usage:        4 bytes
 Hardware stack levels used:    1
 Hardware stack levels required when called:    1
 This function calls:
		_I2C_SetCallback
 This function is called by:
		_rd1RegCompleteHandler
		_rd2RegCompleteHandler
		_wr1RegCompleteHandler
		_wr2RegCompleteHandler
		_rdBlkRegCompleteHandler
		_I2C_Read1ByteRegister
		_I2C_Read2ByteRegister
		_I2C_Write1ByteRegister
		_I2C_Write2ByteRegister
		_I2C_ReadDataBlock
 This function uses a non-reentrant model


 *************** function _I2C_SetCallback *****************
 Defined at:
		line 304 in file "mcc_generated_files/i2c_master.c"
 Parameters:    Size  Location     Type
  idx             1    wreg     enum E2746
  cb              2    0[COMMON] PTR FTN(PTR void ,)enum 
		 -> Absolute function(1), rdBlkRegCompleteHandler(1), wr2RegCompleteHandler(1), wr1RegCompleteHandler(1), 
		 -> rd2RegCompleteHandler(1), rd1RegCompleteHandler(1), 
  ptr             1    2[COMMON] PTR void 
		 -> I2C_ReadDataBlock@bufferBlock(3), I2C_Write2ByteRegister@data(2), I2C_Write1ByteRegister@data(1), I2C_Read2ByteRegister@returnValue(2), 
		 -> NULL(0), I2C_Read1ByteRegister@returnValue(1), 
 Auto vars:     Size  Location     Type
  idx             1    4[COMMON] enum E2746
 Return value:  Size  Location     Type
                  1    wreg      void 
 Registers used:
		wreg, fsr1l, fsr1h, status,2, status,0
 Tracked objects:
		On entry : 
		On exit  : 
		Unchanged: 
 Data sizes:     COMMON  BANK0h   BANK1   BANK2   BANK3   BANK4   BANK5   BANK6   BANK7   BANK8   BANK9  BANK10  BANK11  BANK12
      Params:         3       0       0       0       0       0       0       0       0       0       0       0       0       0
      Locals:         1       0       0       0       0       0       0       0       0       0       0       0       0       0
      Temps:          1       0       0       0       0       0       0       0       0       0       0       0       0       0
      Totals:         5       0       0       0       0       0       0       0       0       0       0       0       0       0
Total ram usage:        5 bytes
 Hardware stack levels used:    1
 This function calls:
		Nothing
 This function is called by:
		_I2C_SetDataCompleteCallback
		_I2C_SetWriteCollisionCallback
		_I2C_SetAddressNackCallback
		_I2C_SetDataNackCallback
		_I2C_SetTimeoutCallback
 This function uses a non-reentrant model


 *************** function _I2C_SetBuffer *****************
 Defined at:
		line 264 in file "mcc_generated_files/i2c_master.c"
 Parameters:    Size  Location     Type
  buffer          1    wreg     PTR void 
		 -> I2C_ReadDataBlock@reg(1), I2C_ReadDataBlock@bufferBlock(3), I2C_Write2ByteRegister@reg(1), I2C_Write2ByteRegister@data(2), 
		 -> I2C_Write1ByteRegister@reg(1), I2C_Write1ByteRegister@data(1), I2C_Read2ByteRegister@reg(1), I2C_Read2ByteRegister@returnValue(2), 
		 -> NULL(0), I2C_Read1ByteRegister@reg(1), I2C_Read1ByteRegister@returnValue(1), 
  bufferSize      2    0[COMMON] unsigned int 
 Auto vars:     Size  Location     Type
  buffer          1    3[COMMON] PTR void 
		 -> I2C_ReadDataBlock@reg(1), I2C_ReadDataBlock@bufferBlock(3), I2C_Write2ByteRegister@reg(1), I2C_Write2ByteRegister@data(2), 
		 -> I2C_Write1ByteRegister@reg(1), I2C_Write1ByteRegister@data(1), I2C_Read2ByteRegister@reg(1), I2C_Read2ByteRegister@returnValue(2), 
		 -> NULL(0), I2C_Read1ByteRegister@reg(1), I2C_Read1ByteRegister@returnValue(1), 
 Return value:  Size  Location     Type
                  1    wreg      void 
 Registers used:
		wreg
 Tracked objects:
		On entry : 
		On exit  : 
		Unchanged: 
 Data sizes:     COMMON  BANK0h   BANK1   BANK2   BANK3   BANK4   BANK5   BANK6   BANK7   BANK8   BANK9  BANK10  BANK11  BANK12
      Params:         2       0       0       0       0       0       0       0       0       0       0       0       0       0
      Locals:         1       0       0       0       0       0       0       0       0       0       0       0       0       0
      Temps:          1       0       0       0       0       0       0       0       0       0       0       0       0       0
      Totals:         4       0       0       0       0       0       0       0       0       0       0       0       0       0
Total ram usage:        4 bytes
 Hardware stack levels used:    1
 This function calls:
		Nothing
 This function is called by:
		_rd1RegCompleteHandler
		_rd2RegCompleteHandler
		_wr1RegCompleteHandler
		_wr2RegCompleteHandler
		_rdBlkRegCompleteHandler
		_I2C_Read1ByteRegister
		_I2C_Read2ByteRegister
		_I2C_Write1ByteRegister
		_I2C_Write2ByteRegister
		_I2C_WriteNBytes
		_I2C_ReadNBytes
		_I2C_ReadDataBlock
 This function uses a non-reentrant model


 *************** function _I2C_MasterStop *****************
 Defined at:
		line 594 in file "mcc_generated_files/i2c_master.c"
 Parameters:    Size  Location     Type
		None
 Auto vars:     Size  Location     Type
		None
 Return value:  Size  Location     Type
                  1    wreg      void 
 Registers used:
		None
 Tracked objects:
		On entry : 
		On exit  : 
		Unchanged: 
 Data sizes:     COMMON  BANK0h   BANK1   BANK2   BANK3   BANK4   BANK5   BANK6   BANK7   BANK8   BANK9  BANK10  BANK11  BANK12
      Params:         0       0       0       0       0       0       0       0       0       0       0       0       0       0
      Locals:         0       0       0       0       0       0       0       0       0       0       0       0       0       0
      Temps:          0       0       0       0       0       0       0       0       0       0       0       0       0       0
      Totals:         0       0       0       0       0       0       0       0       0       0       0       0       0       0
Total ram usage:        0 bytes
 Hardware stack levels used:    1
 This function calls:
		Nothing
 This function is called by:
		_I2C_DO_SEND_STOP
 This function uses a non-reentrant model


 *************** function _I2C_MasterEnableRestart *****************
 Defined at:
		line 574 in file "mcc_generated_files/i2c_master.c"
 Parameters:    Size  Location     Type
		None
 Auto vars:     Size  Location     Type
		None
 Return value:  Size  Location     Type
                  1    wreg      void 
 Registers used:
		None
 Tracked objects:
		On entry : 
		On exit  : 
		Unchanged: 
 Data sizes:     COMMON  BANK0h   BANK1   BANK2   BANK3   BANK4   BANK5   BANK6   BANK7   BANK8   BANK9  BANK10  BANK11  BANK12
      Params:         0       0       0       0       0       0       0       0       0       0       0       0       0       0
      Locals:         0       0       0       0       0       0       0       0       0       0       0       0       0       0
      Temps:          0       0       0       0       0       0       0       0       0       0       0       0       0       0
      Totals:         0       0       0       0       0       0       0       0       0       0       0       0       0       0
Total ram usage:        0 bytes
 Hardware stack levels used:    1
 This function calls:
		Nothing
 This function is called by:
		_I2C_DO_SEND_RESTART_READ
		_I2C_DO_SEND_RESTART_WRITE
		_I2C_DO_SEND_RESTART
		_I2C_DO_RX_EMPTY
 This function uses a non-reentrant model


 *************** function _ADC_ISR *****************
 Defined at:
		line 148 in file "mcc_generated_files/adc.c"
 Parameters:    Size  Location     Type
		None
 Auto vars:     Size  Location     Type
		None
 Return value:  Size  Location     Type
                  1    wreg      void 
 Registers used:
		wreg, status,2, status,0, pclath, cstack
 Tracked objects:
		On entry : 
		On exit  : 
		Unchanged: 
 Data sizes:     COMMON  BANK0h   BANK1   BANK2   BANK3   BANK4   BANK5   BANK6   BANK7   BANK8   BANK9  BANK10  BANK11  BANK12
      Params:         0       0       0       0       0       0       0       0       0       0       0       0       0       0
      Locals:         0       0       0       0       0       0       0       0       0       0       0       0       0       0
      Temps:          0       0       0       0       0       0       0       0       0       0       0       0       0       0
      Totals:         0       0       0       0       0       0       0       0       0       0       0       0       0       0
Total ram usage:        0 bytes
 Hardware stack levels used:    1
 Hardware stack levels required when called:    1
 This function calls:
		Absolute function
		_ADC_DefaultInterruptHandler
 This function is called by:
		_INTERRUPT_InterruptManager
 This function uses a non-reentrant model


 *************** function _ADC_DefaultInterruptHandler *****************
 Defined at:
		line 163 in file "mcc_generated_files/adc.c"
 Parameters:    Size  Location     Type
		None
 Auto vars:     Size  Location     Type
		None
 Return value:  Size  Location     Type
                  1    wreg      void 
 Registers used:
		None
 Tracked objects:
		On entry : 
		On exit  : 
		Unchanged: 
 Data sizes:     COMMON  BANK0h   BANK1   BANK2   BANK3   BANK4   BANK5   BANK6   BANK7   BANK8   BANK9  BANK10  BANK11  BANK12
      Params:         0       0       0       0       0       0       0       0       0       0       0       0       0       0
      Locals:         0       0       0       0       0       0       0       0       0       0       0       0       0       0
      Temps:          0       0       0       0       0       0       0       0       0       0       0       0       0       0
      Totals:         0       0       0       0       0       0       0       0       0       0       0       0       0       0
Total ram usage:        0 bytes
 Hardware stack levels used:    1
 This function calls:
		Nothing
 This function is called by:
		_ADC_Initialize
		_ADC_ISR
 This function uses a non-reentrant model



MODULE INFORMATION

Module		Function		Class		Link	Load	Size
mcc_generated_files/interrupt_manager.c
		_INTERRUPT_InterruptManager		CODE           	0004	0000	76

mcc_generated_files/interrupt_manager.c estimated size: 76

mcc_generated_files/examples/i2c_master_example.c
		_wr1RegCompleteHandler		CODE           	1789	0000	17
		_wr2RegCompleteHandler		CODE           	1756	0000	17
		_rdBlkRegCompleteHandler		CODE           	17E8	0000	24
		_rd1RegCompleteHandler		CODE           	1767	0000	17
		_rd2RegCompleteHandler		CODE           	1778	0000	17

mcc_generated_files/examples/i2c_master_example.c estimated size: 92

mcc_generated_files/pin_manager.c
		_IOCAF5_SetInterruptHandler		CODE           	16D5	0000	6
		_PIN_MANAGER_Initialize		CODE           	08DB	0000	39
		_IOCAF5_DefaultInterruptHandler		CODE           	1674	0000	1
		_IOCAF5_ISR    		CODE           	1737	0000	15
		_PIN_MANAGER_IOC		CODE           	16F1	0000	9

mcc_generated_files/pin_manager.c estimated size: 70

mcc_generated_files/usb/usb_device_generic.c
		_USBCheckVendorRequest		CODE           	0D38	0000	109

mcc_generated_files/usb/usb_device_generic.c estimated size: 109

C:\Program Files\Microchip\xc8\v2.31\pic\sources\c99\common\memset.c
		_memset        		CODE           	04DD	0000	164

C:\Program Files\Microchip\xc8\v2.31\pic\sources\c99\common\memset.c estimated size: 164

mcc_generated_files/adc.c
		_ADC_DefaultInterruptHandler		CODE           	1673	0000	1
		_ADC_Initialize		CODE           	179A	0000	17
		_ADC_SetInterruptHandler		CODE           	16CF	0000	6
		_ADC_ISR       		CODE           	1728	0000	15

mcc_generated_files/adc.c estimated size: 39

eeprom_i2c.c
		_LowDensByteRead		CODE           	0A75	0000	58
		_bstop         		CODE           	0802	0000	10
		_byte_out      		CODE           	087F	0000	30
		_bstart        		CODE           	1703	0000	10
		_bit_in        		CODE           	0844	0000	29
		_LowDensSequentialRead		CODE           	0DA5	0000	109
		_byte_in       		CODE           	0861	0000	30
		_bit_out       		CODE           	17AB	0000	18
		_LowDensPageWrite		CODE           	0AAF	0000	64
		_LowDensByteWrite		CODE           	09B3	0000	45
		_ACK_Poll      		CODE           	17BD	0000	21

eeprom_i2c.c estimated size: 424

shared
		_configDescriptor1		STRCODE        	107C	0000	32
		_USB_CD_Ptr    		STRCODE        	184E	0000	2
		_MSOSDescriptor		STRCODE        	1816	0000	18
		_sd001         		STRCODE        	1000	0000	52
		_sd002         		STRCODE        	1800	0000	22
		_CompatIDFeatureDescriptor		STRCODE        	1034	0000	40
		i1_USBDeviceInit		CODE           	0439	0000	164
		_sd003         		STRCODE        	1842	0000	8
		__initialization		CODE           	0052	0000	24
		_device_dsc    		STRCODE        	1828	0000	18
		_ExtPropertyFeatureDescriptor		STRCODE        	06B8	0000	142
		_USB_SD_Ptr    		STRCODE        	183A	0000	8
		_sd000         		STRCODE        	184A	0000	4
		_i2c_fsmStateTable		STRCODE        	105C	0000	32

shared estimated size: 566

mcc_generated_files/usb/usb_device_events.c
		_USER_USB_CALLBACK_EVENT_HANDLER		CODE           	0959	0000	45

mcc_generated_files/usb/usb_device_events.c estimated size: 45

mcc_generated_files/mcc.c
		_WDT_Initialize		CODE           	1693	0000	4
		_OSCILLATOR_Initialize		CODE           	171A	0000	14
		_SYSTEM_Initialize		CODE           	17D2	0000	22

mcc_generated_files/mcc.c estimated size: 40

C:\Program Files\Microchip\xc8\v2.31\pic\sources\c99\common\memcpy.c
		_memcpy        		CODE           	0A0E	0000	46

C:\Program Files\Microchip\xc8\v2.31\pic\sources\c99\common\memcpy.c estimated size: 46

mcc_generated_files/i2c_master.c
		_I2C_MasterStartRx		CODE           	167B	0000	3
		_I2C_DO_SEND_ADR_WRITE		CODE           	07F8	0000	8
		_I2C_DO_SEND_STOP		CODE           	16B0	0000	5
		_I2C_MasterSendNack		CODE           	1687	0000	4
		_I2C_CallbackReturnStop		CODE           	0800	0000	2
		_I2C_DO_SEND_ADR_READ		CODE           	16E8	0000	9
		_I2C_DO_RX_NACK_STOP		CODE           	16BA	0000	5
		_I2C_DO_SEND_RESTART		CODE           	16AB	0000	5
		_I2C_DO_RX     		CODE           	0AEF	0000	70
		_I2C_DO_TX     		CODE           	0BCA	0000	87
		_I2C_DO_IDLE   		CODE           	169C	0000	5
		_I2C_DO_RCEN   		CODE           	16E1	0000	7
		_I2C_DO_RESET  		CODE           	16C4	0000	5
		_I2C_DO_RX_ACK 		CODE           	16B5	0000	5
		_I2C_MasterClearIrq		CODE           	1684	0000	3
		_I2C_MasterGetRxData		CODE           	167E	0000	3
		_I2C_SetCallback		CODE           	0902	0000	42
		_I2C_DO_ADDRESS_NACK		CODE           	092C	0000	45
		_I2C_MasterEnableRestart		CODE           	1675	0000	3
		_I2C_CallbackReturnReset		CODE           	0002	0000	2
		_I2C_DO_TX_EMPTY		CODE           	07C9	0000	47
		_I2C_DO_SEND_RESTART_WRITE		CODE           	16A6	0000	5
		_I2C_MasterIsNack		CODE           	16C9	0000	6
		_I2C_SetDataCompleteCallback		CODE           	170D	0000	13
		_I2C_DO_RX_NACK_RESTART		CODE           	16BF	0000	5
		_I2C_MasterSendAck		CODE           	168B	0000	4
		_I2C_MasterFsm 		CODE           	09E0	0000	46
		_I2C_MasterIsr 		CODE           	168F	0000	4
		_I2C_MasterSetIrq		CODE           	1681	0000	3
		_I2C_DO_SEND_RESTART_READ		CODE           	16A1	0000	5
		_I2C_Initialize		CODE           	16FA	0000	9
		_I2C_SetBuffer 		CODE           	1746	0000	16
		_I2C_MasterSendTxData		CODE           	1697	0000	5
		_I2C_MasterStop		CODE           	1678	0000	3

mcc_generated_files/i2c_master.c estimated size: 489

main.c
		_main          		CODE           	0B7D	0000	77

main.c estimated size: 77

mcc_generated_files/usb/usb_device.c
		_USBCtrlTrfInHandler		CODE           	0E88	0000	125
		_USBDeviceAttach		CODE           	08BC	0000	31
		_USBStdGetDscHandler		CODE           	061F	0000	153
		_USBCtrlEPAllowDataStage		CODE           	0C7B	0000	91
		_USBStdFeatureReqHandler		CODE           	006E	0000	334
		_USBCtrlEPAllowStatusStage		CODE           	0E12	0000	118
		_USBCtrlTrfSetupHandler		CODE           	0B35	0000	72
		_USBCtrlTrfOutHandler		CODE           	0A3C	0000	57
		_USBCtrlEPServiceComplete		CODE           	0581	0000	158
		_USBSuspend    		CODE           	0828	0000	28
		_USBStdSetCfgHandler		CODE           	0F82	0000	126
		_USBStdGetStatusHandler		CODE           	0CD6	0000	98
		_USBWakeFromSuspend		CODE           	089D	0000	31
		_USBCtrlTrfRxService		CODE           	038C	0000	173
		_USBCtrlTrfTxService		CODE           	0746	0000	131
		_USBDeviceInit 		CODE           	02DB	0000	177
		_USBIncrement1msInternalTimers		CODE           	080C	0000	28
		_USBCtrlEPService		CODE           	0C21	0000	90
		_USBStallHandler		CODE           	0986	0000	45
		_USBDeviceTasks		CODE           	01BC	0000	287
		_USBCheckStdRequest		CODE           	0F05	0000	125

mcc_generated_files/usb/usb_device.c estimated size: 2478

